Archive member included because of file (symbol)

d:/program files/microchip/mplab c30/bin/../lib\libpic30-coff.a(crt1.o)
                              (_resetALT)
d:/program files/microchip/mplab c30/bin/../lib\libpic30-coff.a(crt0.o)
                              (_resetPRI)
d:/program files/microchip/mplab c30/bin/../lib\libm-coff.a(udivsi3.o)
                              cout.o (__udivsi3)
d:/program files/microchip/mplab c30/bin/../lib\libc-coff.a(memcmp.o)
                              Mac.o (memcmp)
d:/program files/microchip/mplab c30/bin/../lib\libc-coff.a(memcpy.o)
                              Mac.o (memcpy)
d:/program files/microchip/mplab c30/bin/../lib\libc-coff.a(isalpha.os)
                              gsm_msg.o (isalpha)
d:/program files/microchip/mplab c30/bin/../lib\libc-coff.a(toupper.os)
                              gsm_msg.o (toupper)
d:/program files/microchip/mplab c30/bin/../lib\libc-coff.a(strlen.o)
                              gsm_msg.o (strlen)
d:/program files/microchip/mplab c30/bin/../lib\libc-coff.a(memset.o)
                              gsm_msg.o (memset)
d:/program files/microchip/mplab c30/bin/../lib\libc-coff.a(strstr.o)
                              gsm_driver.o (strstr)
d:/program files/microchip/mplab c30/bin/../lib\libc-coff.a(strchr.o)
                              gsm_driver.o (strchr)
d:/program files/microchip/mplab c30/bin/../lib\libc-coff.a(xstoul.o)
                              gsm_driver.o (_Stoul)
d:/program files/microchip/mplab c30/bin/../lib\libc-coff.a(strcpy.o)
                              gsm_driver.o (strcpy)
d:/program files/microchip/mplab c30/bin/../lib\libc-coff.a(strcmp.o)
                              gsm_driver.o (strcmp)
d:/program files/microchip/mplab c30/bin/../lib\libc-coff.a(isspace.os)
                              d:/program files/microchip/mplab c30/bin/../lib\libc-coff.a(xstoul.o) (isspace)
d:/program files/microchip/mplab c30/bin/../lib\libc-coff.a(tolower.os)
                              d:/program files/microchip/mplab c30/bin/../lib\libc-coff.a(xstoul.o) (tolower)
d:/program files/microchip/mplab c30/bin/../lib\libc-coff.a(memchr.o)
                              d:/program files/microchip/mplab c30/bin/../lib\libc-coff.a(xstoul.o) (memchr)
d:/program files/microchip/mplab c30/bin/../lib\libc-coff.a(errno.o)
                              d:/program files/microchip/mplab c30/bin/../lib\libc-coff.a(xstoul.o) (errno)
d:/program files/microchip/mplab c30/bin/../lib\libm-coff.a(mulsi3.o)
                              d:/program files/microchip/mplab c30/bin/../lib\libc-coff.a(xstoul.o) (__mulsi3)


Program Memory Usage

section                    address   length (PC units)   length (bytes) (dec)
-------                    -------   -----------------   --------------------
.reset                           0                 0x4             0x6  (6)
.ivt                           0x4                0xfc           0x17a  (378)
.aivt                        0x104                0xfc           0x17a  (378)
.text                        0x200              0x8ff8          0xd7f4  (55284)
.const                      0x91f8               0x1c2           0x2a3  (675)
.dinit                      0x93ba               0x1fe           0x2fd  (765)
.isr                        0x95b8                 0x2             0x3  (3)

                     Total program memory used (bytes):         0xe091  (57489) 87%


Data Memory Usage

section                    address      alignment gaps    total length  (dec)
-------                    -------      --------------    -------------------
.icd                         0x800                0x50            0x50  (80)
.nbss                        0x850                   0           0x4d6  (1238)
.nbss                        0xd26                   0           0x2ac  (684)
.nbss                        0xfd2                   0           0x23a  (570)
.nbss                       0x120c                   0           0x206  (518)
.nbss                       0x1412                   0           0x140  (320)
.nbss                       0x1552                   0           0x126  (294)
.nbss                       0x1678                   0           0x10c  (268)
.ndata                      0x1784                   0           0x102  (258)
.nbss                       0x1886                   0            0xf0  (240)
.nbss                       0x1976                   0            0xd6  (214)
.nbss                       0x1a4c                   0            0x8c  (140)
.ndata                      0x1ad8                   0            0x88  (136)
.ndata                      0x1b60                   0            0x4a  (74)
.nbss                       0x1baa                   0            0x46  (70)
.ndata                      0x1bf0                   0            0x40  (64)
.nbss                       0x1c30                   0            0x26  (38)
[...]
Memory Configuration

Name             Origin             Length             Attributes
data             0x000800           0x002000           a !xr
reset            0x000000           0x000004  
ivt              0x000004           0x0000fc  
aivt             0x000104           0x0000fc  
program          0x000200           0x00a9fc           xr
config2          0x00abfc           0x000002  
config1          0x00abfe           0x000002  
*default*        0x000000           0xffffffff  

Linker script and memory map

LOAD common.o
LOAD driver.o
LOAD Mac.o
LOAD neighbor.o
LOAD phy.o
LOAD spi.o
LOAD Tick.o
LOAD Addr.o
LOAD Interface.o
LOAD iic.o
LOAD dusart.o
LOAD eeprom.o
LOAD EEPromMM.o
LOAD nwk.o
LOAD App.o
LOAD mcu.o
LOAD Route.o
LOAD RouteDiscovery.o
LOAD Nvm_Eeprom.o
LOAD database.o
LOAD record.o
LOAD cout.o
LOAD sys_to.o
LOAD gsm_msg.o
LOAD gsm_buffer.o
LOAD gsm_driver.o
LOAD gsm_main.o
LOAD gsm_traps.o
                    0xabfc                  __CONFIG2 = 0xabfc
                    0xabfe                  __CONFIG1 = 0xabfe
                    0x0004                  __IVT_BASE = 0x4
                    0x0104                  __AIVT_BASE = 0x104
                    0x0800                  __DATA_BASE = 0x800
                    0x0200                  __CODE_BASE = 0x200

.reset            0x000000          0x4
                  0x000000          0x2 SHORT 0x220 <code 336> (__reset)
                  0x000001          0x2 SHORT 0x4
                  0x000002          0x2 SHORT 0x0 ((<code 336> (__reset) >> 0x10) & 0x7f)
                  0x000003          0x2 SHORT 0x0

.text             0x000200       0x8ff8
 *(.handle)
 .handle          0x000200         0x20 jump_table
 *(.libc)
 .libc            0x000220         0x80 d:/program files/microchip/mplab c30/bin/../lib\libpic30-coff.a(crt0.o)
                  0x000220                  _resetPRI
                  0x000220                  _reset
                  0x000234                  _psv_init
                  0x000244                  _data_init
 .libc            0x0002a0         0x22 d:/program files/microchip/mplab c30/bin/../lib\libc-coff.a(memcmp.o)
                  0x0002a0                  memcmp
 .libc            0x0002c2         0x12 d:/program files/microchip/mplab c30/bin/../lib\libc-coff.a(memcpy.o)
                  0x0002c2                  memcpy
 .libc            0x0002d4         0x14 d:/program files/microchip/mplab c30/bin/../lib\libc-coff.a(isalpha.os)
                  0x0002d4                  isalpha
 .libc            0x0002e8          0xe d:/program files/microchip/mplab c30/bin/../lib\libc-coff.a(toupper.os)
                  0x0002e8                  toupper
 .libc            0x0002f6          0xe d:/program files/microchip/mplab c30/bin/../lib\libc-coff.a(strlen.o)
                  0x0002f6                  strlen
 .libc            0x000304         0x12 d:/program files/microchip/mplab c30/bin/../lib\libc-coff.a(memset.o)
                  0x000304                  memset
 .libc            0x000316         0x2c d:/program files/microchip/mplab c30/bin/../lib\libc-coff.a(strstr.o)
                  0x000316                  strstr
 .libc            0x000342         0x10 d:/program files/microchip/mplab c30/bin/../lib\libc-coff.a(strchr.o)
                  0x000342                  strchr
 .libc            0x000352        0x128 d:/program files/microchip/mplab c30/bin/../lib\libc-coff.a(xstoul.o)
                  0x000352                  _Stoul
 .libc            0x00047a         0x10 d:/program files/microchip/mplab c30/bin/../lib\libc-coff.a(strcpy.o)
                  0x00047a                  strcpy
 .libc            0x00048a         0x1e d:/program files/microchip/mplab c30/bin/../lib\libc-coff.a(strcmp.o)
                  0x00048a                  strcmp
 .libc            0x0004a8         0x10 d:/program files/microchip/mplab c30/bin/../lib\libc-coff.a(isspace.os)
                  0x0004a8                  isspace
 .libc            0x0004b8          0xe d:/program files/microchip/mplab c30/bin/../lib\libc-coff.a(tolower.os)
                  0x0004b8                  tolower
 .libc            0x0004c6         0x14 d:/program files/microchip/mplab c30/bin/../lib\libc-coff.a(memchr.o)
                  0x0004c6                  memchr
 .libc            0x0004da          0xc d:/program files/microchip/mplab c30/bin/../lib\libc-coff.a(errno.o)
                  0x0004da                  _Geterrno
 *(.libm)
 .libm            0x0004e6         0x20 d:/program files/microchip/mplab c30/bin/../lib\libm-coff.a(udivsi3.o)
                  0x0004e6                  __udivsi3
 .libm            0x000506          0xc d:/program files/microchip/mplab c30/bin/../lib\libm-coff.a(mulsi3.o)
                  0x000506                  __mulsi3
 *(.libdsp)
 *(.lib*)
 *(.text)
 .text            0x000512         0x32 common.o
                  0x000512                  Delay
                  0x000538                  Delay_2us
 .text            0x000544        0x6dc driver.o
                  0x000544                  RFWriteStrobe
                  0x00055e                  RFWriteReg
                  0x00057e                  RFReadReg
                  0x0005a6                  RFGetStatus
                  0x0005ca                  RFWriteBurstReg
                  0x000606                  RFReadBurstReg
                  0x000644                  RFReadRxFIFO
                  0x000662                  RFWriteTxFIFO
                  0x000698                  RFReset
                  0x0006d0                  RFClearRxBuffer
                  0x0006e2                  RFClearTxBuffer
                  0x0006f4                  RFSetBaudRate
                  0x000916                  RFInitSetup
                  0x000976                  RFDetectEnergy
                  0x0009b8                  RFSetChannel
                  0x0009de                  RFSetTxPower
                  0x0009f6                  RFSetTRxState
                  0x000a46                  RFGetTRxState
                  0x000aa2                  RFDetectStatus
                  0x000afc                  RFTranmitByCSMA
 .text            0x000c20       0x11d6 Mac.o
                  0x000c20                  MACInitSetup
                  0x000d56                  MACInitIEEEAddr
                  0x000dd4                  MACSetAddrInfo
                  0x000de2                  MACGetAddrInfo
                  0x000df2                  MACCheckAddress
                  0x000ef0                  MACSendACK
                  0x000f7e                  MACDiscardRx
                  0x000f96                  MACGetPacket
                  0x0013d2                  MACPutHeader
                  0x0015cc                  MACPutTxBuffer
                  0x001624                  MACTransmitPacket
                  0x0016a0                  MACProcessBeacon
                  0x001760                  MACProcessCommand
                  0x00177e                  MACProcessAck
                  0x001792                  MACTasks
                  0x001802                  MACEnqueTxFrame
                  0x0018a8                  MACRemoveTxFrame
                  0x001986                  MACSearchTxFrame
                  0x0019de                  MACBrowerTxFrame
                  0x001b78                  MACRefreshTxFrame
                  0x001ccc                  MACRecordTxFrame
                  0x001d06                  MACSendBeaconNotify
                  0x001d5a                  MACSendBeaconReq
                  0x001da6                  MACReadBuffer
 .text            0x001df6        0x328 neighbor.o
                  0x001df6                  FormatNeighborInfo
                  0x001e1c                  AddNeighborRecord
                  0x001ec4                  RemoveNeighborRecord
                  0x001f0a                  SearchNeighborByLongAddr
                  0x001f66                  SearchNeighborByShortAddr
                  0x001fba                  GetNeighborRecordInfo
                  0x002022                  RefreshNeighborRecord
                  0x0020aa                  SearchIdleNeighborRecord
                  0x0020e4                  CountNeighborRecord
 .text            0x00211e        0x226 phy.o
                  0x00211e                  PHYSetChannel
                  0x002146                  PHYSetTxPower
                  0x00216e                  PHYSetBaudRate
                  0x00218a                  PHYGetLinkQuality
                  0x0021c2                  PHYInitSetup
                  0x002200                  PHYPut
                  0x00221a                  PHYGet
                  0x002234                  PHYGetArray
                  0x00225c                  PHYPutRxBuffer
                  0x00232a                  PHYExistPacket
 .text            0x002344         0x6e spi.o
                  0x002344                  SPIPut
                  0x002374                  SPIGet
 .text            0x0023b2         0xa2 Tick.o
                  0x0023b2                  GetTime
                  0x0023bc                  DiffTime
                  0x0023fc                  GetTicks
                  0x002406                  DiffTicks
                  0x002446                  SynTicks
 .text            0x002454        0x1ee Addr.o
                  0x002454                  AllocIEEEAddr
                  0x002502                  CalcExponentVal
                  0x002530                  GetCSkipVal
                  0x0025ce                  AllocShortAddr
 .text            0x002642        0x10e Interface.o
                  0x002642                  CrcCalc
                  0x0026a2                  CalcExponent
                  0x0026d2                  GetRandom
                  0x00270c                  GetRANDValue
 .text            0x002750        0x10a iic.o
                  0x002750                  WaitNop
                  0x00275a                  Begin
                  0x002774                  End
                  0x00278a                  SendAck
                  0x0027a0                  SendNoAck
                  0x0027b4                  TestAck
                  0x0027d4                  ICPut
                  0x002812                  ICGet
 .text            0x00285a         0x3a dusart.o
                  0x00285a                  PutUSART
                  0x00286e                  GetUSART
                  0x00287a                  DetectUSART
 .text            0x002894        0x106 eeprom.o
                  0x002894                  ATCWrite
                  0x0028ba                  ATCPutArray
                  0x00290e                  ATCRead
                  0x00293c                  ATCGetArray
 .text            0x00299a        0x1da EEPromMM.o
                  0x00299a                  LogicMapPhy
                  0x0029b4                  EPRGetCheckVal
                  0x002a02                  EPRPutCheckVal
                  0x002a76                  EPRPutMem
                  0x002af0                  EPRGetMem
 .text            0x002b74        0xa74 nwk.o
                  0x002b74                  NWKInitSetup
                  0x002c32                  NWKPutHeader
                  0x002cde                  NWKPutTxBuffer
                  0x002d06                  NWKPutPacket
                  0x002d1e                  NWKGetPacket
                  0x002e14                  NWKTasks
                  0x002fd4                  AllocTreeRoute
                  0x00301a                  NWKFormatTRxQue
                  0x00303e                  NWKGetTRxQue
                  0x003074                  NWKInsertTRxQue
                  0x0031e6                  NWKSearchTRxQue
                  0x00327a                  NWKRemoveTRxQue
                  0x00331c                  NWKRefreshTRxQue
                  0x0035a6                  NWKReadBuffer
 .text            0x0035e8        0x8a2 App.o
                  0x0035e8                  APPInitSetup
                  0x0035fe                  APPPutPacket
                  0x003658                  APPGetPacket
                  0x003680                  APPTasks
                  0x003b0e                  APPSendDataReq
                  0x003b2e                  APPSendDataRsp
                  0x003b76                  APPSendAlarmReq
                  0x003bc2                  APPSendAlarmRsp
                  0x003be2                  APPSendLightsONReq
                  0x003c0e                  APPSendLightsONRsp
                  0x003c3a                  APPSendLightsOFFReq
                  0x003c66                  APPSendLightsOFFRsp
                  0x003c92                  APPSendNeighborNotificationReq
                  0x003cb2                  APPSendAddrNotificationReq
                  0x003cd2                  APPSendAddrNotificationRsp
                  0x003d52                  APPSendAssignAddrReq
                  0x003dee                  APPSendAssignAddrRsp
 .text            0x003e8a        0x1ba mcu.o
                  0x003e8a                  SPIInit
                  0x003e9c                  ATCInitSetup
                  0x003eaa                  initUSART
                  0x003eda                  InitTicks
                  0x003f08                  InitTime
                  0x003f36                  RS485InitSetup
                  0x003f40                  ADInitSetup
                  0x003f90                  DeviceInitSetup
                  0x003f9a                  UnlockREG
                  0x003fb8                  LockREG
                  0x003fd6                  emDint
                  0x003ff6                  emEint
                  0x00401a                  LEDInitSetup
                  0x004028                  LEDBlinkYellow
                  0x004036                  LEDBlinkRed
 .text            0x004044        0x1c0 Route.o
                  0x004044                  CreateRouteInfo
                  0x004076                  FormatRouteInfo
                  0x00409a                  SearchRouteRecord
                  0x0040de                  SearchIdleRouteRecord
                  0x004110                  AddRouteRecord
                  0x00418a                  RemoveRouteRecord
                  0x0041b2                  GetNextHop
 .text            0x004204        0x246 RouteDiscovery.o
                  0x004204                  FormatRouteDiscTable
                  0x004226                  SearchRouteDiscTable
                  0x004292                  FindBestRouteDiscRecord
                  0x0042fc                  InsertRouteDiscTable
                  0x0043a0                  RemoveRouteDiscTable
                  0x0043fa                  RefreshRouteDiscTable
 .text            0x00444a        0x51c Nvm_Eeprom.o
                  0x00444a                  PutIEEEAddrInfo
                  0x00446a                  GetIEEEIndication
                  0x004490                  GetIEEEAddr
                  0x0044b6                  GetMACStatus
                  0x0044da                  PutMACStatus
                  0x0044ec                  GetMACPANId
                  0x004510                  GetMACShortAddr
                  0x004534                  GetMACLongAddr
                  0x004558                  PutMACAddr
                  0x00457e                  GetCoordDescriptor
                  0x0045a2                  PutCoordDescriptor
                  0x0045b4                  PutRouteInfo
                  0x0045ee                  GetRouteInfo
                  0x00463e                  PutRouteRecord
                  0x004672                  GetRouteRecord
                  0x0046b8                  GetRecordDeviceInfo
                  0x004710                  GetRecordDevice
                  0x00475e                  PutRecordDeviceInfo
                  0x0047a2                  PutRecordDevice
                  0x0047dc                  PutIPAddr
                  0x0047f0                  PutTCPPort
                  0x004804                  PutMobilePhone
                  0x004818                  PutAdmin
                  0x00483a                  PutDomainName
                  0x00484c                  PutGateWay
                  0x00485e                  GetIPAddr
                  0x004886                  GetTCPPort
                  0x0048ae                  GetMobilePhone
                  0x0048d6                  GetAdmin
                  0x004916                  GetDomainName
                  0x00493e                  GetGateWay
 .text            0x004966        0x8aa database.o
                  0x004966                  FormatMngrTable
                  0x00498c                  CreateMngrTable
                  0x0049ec                  GetTotalMngrTable
                  0x0049f6                  GetCurMngrRecord
                  0x004a2c                  MoveToNextMngrRecord
                  0x004a38                  MoveToFirstMngrRecord
                  0x004a42                  CopyToBuffer
                  0x004b04                  FormatDataTable
                  0x004b28                  CreateDataTable
                  0x004bba                  InsertDataTable
                  0x004c16                  ReadDataTable
                  0x004c74                  FormatQryStateTable
                  0x004cf0                  CreateQryStateTable
                  0x004d86                  UpdateQryStateTable
                  0x004f26                  PollQryStateTable
                  0x004f70                  GetCurQryStateTable
                  0x004fbc                  SetTxTimeQryStateTable
                  0x004ffe                  RefreshQryStateTable
                  0x0050e8                  ReadyQryStateTable
                  0x005118                  FormatAlarmQue
                  0x00513a                  PutAlarmQue
                  0x00519a                  CopyAlarmQue
                  0x005200                  DatabaseInitSetup
 .text            0x005210        0x2ea record.o
                  0x005210                  CreateRecordTable
                  0x005250                  FormatRecordTable
                  0x005276                  AddRecordTable
                  0x00530e                  RemoveRecordTable
                  0x005362                  SearchRecordByLongAddr
                  0x0053b4                  SearchRecordByShortAddr
                  0x005408                  GetRecordByIndex
                  0x005468                  CountRecordTable
                  0x0054a0                  UpdateRecordTable
 .text            0x0054fa        0x2a8 cout.o
                  0x0054fa                  SetLightsON
                  0x00550a                  SetLightsOFF
                  0x00551a                  ValidADData
                  0x005700                  GetADData
 .text            0x0057a2        0x3a6 sys_to.o
                  0x0057a2                  InitSetupSysTOTimer
                  0x005820                  CreateSysTOTimer
                  0x0058d0                  RemoveSysTOTimer
                  0x00593a                  SearchSysTOTimer
                  0x005996                  RefreshSysTOTimer
                  0x005ac0                  DelaySysTOTimer
 .text            0x005b48        0xc12 gsm_msg.o
                  0x005d68                  ValidPassword
                  0x005d88                  RTUInitSetup
                  0x005ddc                  RTUConnectNetwork
                  0x005f4a                  RTUPutPacket
                  0x006024                  RTUGetPacket
                  0x006148                  RTUTasks
                  0x006600                  RTUSendLightsONRsp
                  0x006640                  RTUSendLightsOFFRsp
                  0x006680                  RTUSendAssignAddrRsp
                  0x0066e6                  RTUSendPulse
                  0x00670a                  RTURegisterServer
 .text            0x00675a        0x102 gsm_buffer.o
                  0x00675a                  PutGsmRxBuffer
                  0x0067a2                  GetGsmRxBuffer
                  0x0067c8                  GetGsmRxNumber
                  0x0067ee                  FlushGsmRxBuffer
                  0x006800                  InitGsmRxBuffer
                  0x006812                  TransmitGsmPacket
                  0x00684e                  IsGsmRxBufferFlow
 .text            0x00685c       0x13e8 gsm_driver.o
                  0x006922                  GSMReset
                  0x006946                  GSMCloseATE
                  0x00696e                  GSMCheckSimCard
                  0x0069b4                  GSMGetMsgStyle
                  0x006a0c                  GSMSetMsgStyle
                  0x006a58                  GSMSearchMsgRam
                  0x006b88                  GSMSetMsgProcess
                  0x006bf2                  GSMGetNewMsg
                  0x006c92                  GSMReadMsg
                  0x006dc0                  GSMDeleteMsg
                  0x006e28                  GSMDeleteAllMsg
                  0x006e4c                  GSMSendMsg
                  0x006f32                  GSMSearchNewMsg
                  0x006fd4                  GSMSetProtocolStyle
                  0x00705e                  GSMRegisterGateway
                  0x0070c6                  GSMLoginNetwork
                  0x0070ea                  GSMInitializeTCP
                  0x00710e                  GSMSetTCPPort
                  0x007208                  GSMCloseTCP
                  0x00725e                  GSMSendTCP
                  0x0072e6                  GSMReceiveNewTCP
                  0x00740a                  GSMReadTCP
                  0x007508                  GSMDeleteAllTCPPacket
                  0x00752c                  GSMDeleteTCPState
                  0x00757c                  GSMSearchTCPState
                  0x00789a                  GSMGetDNS
                  0x007992                  GSMReceived
                  0x007ae2                  ValidGateWay
                  0x007b1e                  ValidDomainName
                  0x007b44                  ValidIPAddress
                  0x007ba2                  ValidTCPPort
                  0x007bf0                  ValidMobilePhone
 .text            0x007c44       0x1500 gsm_main.o
                  0x007c44                  SendToRemoteServer
                  0x007cfe                  GetDataFromWSN
                  0x007d16                  SendToLocalNetwork
                  0x007d52                  SendAlarmToRemoteServer
                  0x007d78                  RFDectectError
                  0x007d92                  DeviceScanTasks
                  0x007dce                  DetectRemoteServerConn
                  0x007df4                  DetectGSMConn
                  0x007e28                  APPListenTasks
                  0x007e42                  RTUListenTasks
                  0x007e5c                  APPProcess
                  0x00869e                  RTUProcess
                  0x009030                  main
 .text            0x009144         0xb4 gsm_traps.o
                  0x009144                  _OscillatorFail
                  0x00914a                  _AddressError
                  0x009150                  _StackError
                  0x009156                  _MathError
                  0x00915c                  _AltOscillatorFail
                  0x009162                  _AltAddressError
                  0x009168                  _AltStackError
                  0x00916e                  _AltMathError
                  0x009174                  _T1Interrupt
                  0x009190                  _T2Interrupt
                  0x0091ac                  _INT1Interrupt
                  0x0091d4                  _U1RXInterrupt

__CONFIG2
 *(__CONFIG2.sec)

__CONFIG1
 *(__CONFIG1.sec)

.icd                0x0800         0x50
                    0x0850                  . = (. + DEFINED (__ICD2RAM)?0x50:0x0)
 *fill*             0x0800         0x5000

.comment
 *(.comment)

.debug_info
 *(.debug_info)
 *(.gnu.linkonce.wi.*)

.debug_abbrev
 *(.debug_abbrev)

.debug_line
 *(.debug_line)

.debug_frame
 *(.debug_frame)

.debug_str
 *(.debug_str)

.debug_loc
 *(.debug_loc)

.debug_macinfo
 *(.debug_macinfo)

.debug_pubnames
 *(.debug_pubnames)

.debug_ranges
 *(.debug_ranges)

.debug_aranges
 *(.debug_aranges)

.ivt              0x000004         0xfc
                  0x000004          0x4 LONG 0x95b8 DEFINED (__ReservedTrap0)?<code 336> (__ReservedTrap0):<code 336> (__DefaultInterrupt)
                  0x000006          0x4 LONG 0x9144 DEFINED (__OscillatorFail)?<code 336> (__OscillatorFail):<code 336> (__DefaultInterrupt)
                  0x000008          0x4 LONG 0x914a DEFINED (__AddressError)?<code 336> (__AddressError):<code 336> (__DefaultInterrupt)
                  0x00000a          0x4 LONG 0x9150 DEFINED (__StackError)?<code 336> (__StackError):<code 336> (__DefaultInterrupt)
                  0x00000c          0x4 LONG 0x9156 DEFINED (__MathError)?<code 336> (__MathError):<code 336> (__DefaultInterrupt)
                  0x00000e          0x4 LONG 0x95b8 DEFINED (__ReservedTrap5)?<code 336> (__ReservedTrap5):<code 336> (__DefaultInterrupt)
                  0x000010          0x4 LONG 0x95b8 DEFINED (__ReservedTrap6)?<code 336> (__ReservedTrap6):<code 336> (__DefaultInterrupt)
                  0x000012          0x4 LONG 0x95b8 DEFINED (__ReservedTrap7)?<code 336> (__ReservedTrap7):<code 336> (__DefaultInterrupt)
                  0x000014          0x4 LONG 0x95b8 DEFINED (__INT0Interrupt)?<code 336> (__INT0Interrupt):<code 336> (__DefaultInterrupt)
                  0x000016          0x4 LONG 0x95b8 DEFINED (__IC1Interrupt)?<code 336> (__IC1Interrupt):<code 336> (__DefaultInterrupt)
                  0x000018          0x4 LONG 0x95b8 DEFINED (__OC1Interrupt)?<code 336> (__OC1Interrupt):<code 336> (__DefaultInterrupt)
                  0x00001a          0x4 LONG 0x9174 DEFINED (__T1Interrupt)?<code 336> (__T1Interrupt):<code 336> (__DefaultInterrupt)
                  0x00001c          0x4 LONG 0x95b8 DEFINED (__Interrupt4)?<code 336> (__Interrupt4):<code 336> (__DefaultInterrupt)
                  0x00001e          0x4 LONG 0x95b8 DEFINED (__IC2Interrupt)?<code 336> (__IC2Interrupt):<code 336> (__DefaultInterrupt)
                  0x000020          0x4 LONG 0x95b8 DEFINED (__OC2Interrupt)?<code 336> (__OC2Interrupt):<code 336> (__DefaultInterrupt)
                  0x000022          0x4 LONG 0x9190 DEFINED (__T2Interrupt)?<code 336> (__T2Interrupt):<code 336> (__DefaultInterrupt)
                  0x000024          0x4 LONG 0x95b8 DEFINED (__T3Interrupt)?<code 336> (__T3Interrupt):<code 336> (__DefaultInterrupt)
                  0x000026          0x4 LONG 0x95b8 DEFINED (__SPI1ErrInterrupt)?<code 336> (__SPI1ErrInterrupt):<code 336> (__DefaultInterrupt)
                  0x000028          0x4 LONG 0x95b8 DEFINED (__SPI1Interrupt)?<code 336> (__SPI1Interrupt):<code 336> (__DefaultInterrupt)
                  0x00002a          0x4 LONG 0x91d4 DEFINED (__U1RXInterrupt)?<code 336> (__U1RXInterrupt):<code 336> (__DefaultInterrupt)
                  0x00002c          0x4 LONG 0x95b8 DEFINED (__U1TXInterrupt)?<code 336> (__U1TXInterrupt):<code 336> (__DefaultInterrupt)
                  0x00002e          0x4 LONG 0x95b8 DEFINED (__ADC1Interrupt)?<code 336> (__ADC1Interrupt):<code 336> (__DefaultInterrupt)
                  0x000030          0x4 LONG 0x95b8 DEFINED (__Interrupt14)?<code 336> (__Interrupt14):<code 336> (__DefaultInterrupt)
                  0x000032          0x4 LONG 0x95b8 DEFINED (__Interrupt15)?<code 336> (__Interrupt15):<code 336> (__DefaultInterrupt)
                  0x000034          0x4 LONG 0x95b8 DEFINED (__SI2C1Interrupt)?<code 336> (__SI2C1Interrupt):<code 336> (__DefaultInterrupt)
                  0x000036          0x4 LONG 0x95b8 DEFINED (__MI2C1Interrupt)?<code 336> (__MI2C1Interrupt):<code 336> (__DefaultInterrupt)
                  0x000038          0x4 LONG 0x95b8 DEFINED (__CompInterrupt)?<code 336> (__CompInterrupt):<code 336> (__DefaultInterrupt)
                  0x00003a          0x4 LONG 0x95b8 DEFINED (__CNInterrupt)?<code 336> (__CNInterrupt):<code 336> (__DefaultInterrupt)
                  0x00003c          0x4 LONG 0x91ac DEFINED (__INT1Interrupt)?<code 336> (__INT1Interrupt):<code 336> (__DefaultInterrupt)
                  0x00003e          0x4 LONG 0x95b8 DEFINED (__Interrupt21)?<code 336> (__Interrupt21):<code 336> (__DefaultInterrupt)
                  0x000040          0x4 LONG 0x95b8 DEFINED (__Interrupt22)?<code 336> (__Interrupt22):<code 336> (__DefaultInterrupt)
                  0x000042          0x4 LONG 0x95b8 DEFINED (__Interrupt23)?<code 336> (__Interrupt23):<code 336> (__DefaultInterrupt)
                  0x000044          0x4 LONG 0x95b8 DEFINED (__Interrupt24)?<code 336> (__Interrupt24):<code 336> (__DefaultInterrupt)
                  0x000046          0x4 LONG 0x95b8 DEFINED (__OC3Interrupt)?<code 336> (__OC3Interrupt):<code 336> (__DefaultInterrupt)
                  0x000048          0x4 LONG 0x95b8 DEFINED (__OC4Interrupt)?<code 336> (__OC4Interrupt):<code 336> (__DefaultInterrupt)
                  0x00004a          0x4 LONG 0x95b8 DEFINED (__T4Interrupt)?<code 336> (__T4Interrupt):<code 336> (__DefaultInterrupt)
                  0x00004c          0x4 LONG 0x95b8 DEFINED (__T5Interrupt)?<code 336> (__T5Interrupt):<code 336> (__DefaultInterrupt)
                  0x00004e          0x4 LONG 0x95b8 DEFINED (__INT2Interrupt)?<code 336> (__INT2Interrupt):<code 336> (__DefaultInterrupt)
                  0x000050          0x4 LONG 0x95b8 DEFINED (__U2RXInterrupt)?<code 336> (__U2RXInterrupt):<code 336> (__DefaultInterrupt)
                  0x000052          0x4 LONG 0x95b8 DEFINED (__U2TXInterrupt)?<code 336> (__U2TXInterrupt):<code 336> (__DefaultInterrupt)
                  0x000054          0x4 LONG 0x95b8 DEFINED (__SPI2ErrInterrupt)?<code 336> (__SPI2ErrInterrupt):<code 336> (__DefaultInterrupt)
                  0x000056          0x4 LONG 0x95b8 DEFINED (__SPI2Interrupt)?<code 336> (__SPI2Interrupt):<code 336> (__DefaultInterrupt)
                  0x000058          0x4 LONG 0x95b8 DEFINED (__Interrupt34)?<code 336> (__Interrupt34):<code 336> (__DefaultInterrupt)
                  0x00005a          0x4 LONG 0x95b8 DEFINED (__Interrupt35)?<code 336> (__Interrupt35):<code 336> (__DefaultInterrupt)
                  0x00005c          0x4 LONG 0x95b8 DEFINED (__Interrupt36)?<code 336> (__Interrupt36):<code 336> (__DefaultInterrupt)
                  0x00005e          0x4 LONG 0x95b8 DEFINED (__IC3Interrupt)?<code 336> (__IC3Interrupt):<code 336> (__DefaultInterrupt)
                  0x000060          0x4 LONG 0x95b8 DEFINED (__IC4Interrupt)?<code 336> (__IC4Interrupt):<code 336> (__DefaultInterrupt)
                  0x000062          0x4 LONG 0x95b8 DEFINED (__IC5Interrupt)?<code 336> (__IC5Interrupt):<code 336> (__DefaultInterrupt)
                  0x000064          0x4 LONG 0x95b8 DEFINED (__Interrupt40)?<code 336> (__Interrupt40):<code 336> (__DefaultInterrupt)
                  0x000066          0x4 LONG 0x95b8 DEFINED (__OC5Interrupt)?<code 336> (__OC5Interrupt):<code 336> (__DefaultInterrupt)
                  0x000068          0x4 LONG 0x95b8 DEFINED (__Interrupt42)?<code 336> (__Interrupt42):<code 336> (__DefaultInterrupt)
                  0x00006a          0x4 LONG 0x95b8 DEFINED (__Interrupt43)?<code 336> (__Interrupt43):<code 336> (__DefaultInterrupt)
                  0x00006c          0x4 LONG 0x95b8 DEFINED (__Interrupt44)?<code 336> (__Interrupt44):<code 336> (__DefaultInterrupt)
                  0x00006e          0x4 LONG 0x95b8 DEFINED (__PMPInterrupt)?<code 336> (__PMPInterrupt):<code 336> (__DefaultInterrupt)
                  0x000070          0x4 LONG 0x95b8 DEFINED (__Interrupt46)?<code 336> (__Interrupt46):<code 336> (__DefaultInterrupt)
                  0x000072          0x4 LONG 0x95b8 DEFINED (__Interrupt47)?<code 336> (__Interrupt47):<code 336> (__DefaultInterrupt)
                  0x000074          0x4 LONG 0x95b8 DEFINED (__Interrupt48)?<code 336> (__Interrupt48):<code 336> (__DefaultInterrupt)
                  0x000076          0x4 LONG 0x95b8 DEFINED (__SI2C2Interrupt)?<code 336> (__SI2C2Interrupt):<code 336> (__DefaultInterrupt)
                  0x000078          0x4 LONG 0x95b8 DEFINED (__MI2C2Interrupt)?<code 336> (__MI2C2Interrupt):<code 336> (__DefaultInterrupt)
                  0x00007a          0x4 LONG 0x95b8 DEFINED (__Interrupt51)?<code 336> (__Interrupt51):<code 336> (__DefaultInterrupt)
                  0x00007c          0x4 LONG 0x95b8 DEFINED (__Interrupt52)?<code 336> (__Interrupt52):<code 336> (__DefaultInterrupt)
                  0x00007e          0x4 LONG 0x95b8 DEFINED (__Interrupt53)?<code 336> (__Interrupt53):<code 336> (__DefaultInterrupt)
                  0x000080          0x4 LONG 0x95b8 DEFINED (__Interrupt54)?<code 336> (__Interrupt54):<code 336> (__DefaultInterrupt)
                  0x000082          0x4 LONG 0x95b8 DEFINED (__Interrupt55)?<code 336> (__Interrupt55):<code 336> (__DefaultInterrupt)
                  0x000084          0x4 LONG 0x95b8 DEFINED (__Interrupt56)?<code 336> (__Interrupt56):<code 336> (__DefaultInterrupt)
                  0x000086          0x4 LONG 0x95b8 DEFINED (__Interrupt57)?<code 336> (__Interrupt57):<code 336> (__DefaultInterrupt)
                  0x000088          0x4 LONG 0x95b8 DEFINED (__Interrupt58)?<code 336> (__Interrupt58):<code 336> (__DefaultInterrupt)
                  0x00008a          0x4 LONG 0x95b8 DEFINED (__Interrupt59)?<code 336> (__Interrupt59):<code 336> (__DefaultInterrupt)
                  0x00008c          0x4 LONG 0x95b8 DEFINED (__Interrupt60)?<code 336> (__Interrupt60):<code 336> (__DefaultInterrupt)
                  0x00008e          0x4 LONG 0x95b8 DEFINED (__Interrupt61)?<code 336> (__Interrupt61):<code 336> (__DefaultInterrupt)
                  0x000090          0x4 LONG 0x95b8 DEFINED (__RTCCInterrupt)?<code 336> (__RTCCInterrupt):<code 336> (__DefaultInterrupt)
                  0x000092          0x4 LONG 0x95b8 DEFINED (__Interrupt63)?<code 336> (__Interrupt63):<code 336> (__DefaultInterrupt)
                  0x000094          0x4 LONG 0x95b8 DEFINED (__Interrupt64)?<code 336> (__Interrupt64):<code 336> (__DefaultInterrupt)
                  0x000096          0x4 LONG 0x95b8 DEFINED (__U1ErrInterrupt)?<code 336> (__U1ErrInterrupt):<code 336> (__DefaultInterrupt)
                  0x000098          0x4 LONG 0x95b8 DEFINED (__U2ErrInterrupt)?<code 336> (__U2ErrInterrupt):<code 336> (__DefaultInterrupt)
                  0x00009a          0x4 LONG 0x95b8 DEFINED (__CRCInterrupt)?<code 336> (__CRCInterrupt):<code 336> (__DefaultInterrupt)
                  0x00009c          0x4 LONG 0x95b8 DEFINED (__Interrupt68)?<code 336> (__Interrupt68):<code 336> (__DefaultInterrupt)
                  0x00009e          0x4 LONG 0x95b8 DEFINED (__Interrupt69)?<code 336> (__Interrupt69):<code 336> (__DefaultInterrupt)
                  0x0000a0          0x4 LONG 0x95b8 DEFINED (__Interrupt70)?<code 336> (__Interrupt70):<code 336> (__DefaultInterrupt)
                  0x0000a2          0x4 LONG 0x95b8 DEFINED (__Interrupt71)?<code 336> (__Interrupt71):<code 336> (__DefaultInterrupt)
                  0x0000a4          0x4 LONG 0x95b8 DEFINED (__LVDInterrupt)?<code 336> (__LVDInterrupt):<code 336> (__DefaultInterrupt)
                  0x0000a6          0x4 LONG 0x95b8 DEFINED (__Interrupt73)?<code 336> (__Interrupt73):<code 336> (__DefaultInterrupt)
                  0x0000a8          0x4 LONG 0x95b8 DEFINED (__Interrupt74)?<code 336> (__Interrupt74):<code 336> (__DefaultInterrupt)
                  0x0000aa          0x4 LONG 0x95b8 DEFINED (__Interrupt75)?<code 336> (__Interrupt75):<code 336> (__DefaultInterrupt)
                  0x0000ac          0x4 LONG 0x95b8 DEFINED (__Interrupt76)?<code 336> (__Interrupt76):<code 336> (__DefaultInterrupt)
                  0x0000ae          0x4 LONG 0x95b8 DEFINED (__Interrupt77)?<code 336> (__Interrupt77):<code 336> (__DefaultInterrupt)
                  0x0000b0          0x4 LONG 0x95b8 DEFINED (__Interrupt78)?<code 336> (__Interrupt78):<code 336> (__DefaultInterrupt)
                  0x0000b2          0x4 LONG 0x95b8 DEFINED (__Interrupt79)?<code 336> (__Interrupt79):<code 336> (__DefaultInterrupt)
                  0x0000b4          0x4 LONG 0x95b8 DEFINED (__Interrupt80)?<code 336> (__Interrupt80):<code 336> (__DefaultInterrupt)
                  0x0000b6          0x4 LONG 0x95b8 DEFINED (__Interrupt81)?<code 336> (__Interrupt81):<code 336> (__DefaultInterrupt)
                  0x0000b8          0x4 LONG 0x95b8 DEFINED (__Interrupt82)?<code 336> (__Interrupt82):<code 336> (__DefaultInterrupt)
                  0x0000ba          0x4 LONG 0x95b8 DEFINED (__Interrupt83)?<code 336> (__Interrupt83):<code 336> (__DefaultInterrupt)
                  0x0000bc          0x4 LONG 0x95b8 DEFINED (__Interrupt84)?<code 336> (__Interrupt84):<code 336> (__DefaultInterrupt)
                  0x0000be          0x4 LONG 0x95b8 DEFINED (__Interrupt85)?<code 336> (__Interrupt85):<code 336> (__DefaultInterrupt)
                  0x0000c0          0x4 LONG 0x95b8 DEFINED (__Interrupt86)?<code 336> (__Interrupt86):<code 336> (__DefaultInterrupt)
                  0x0000c2          0x4 LONG 0x95b8 DEFINED (__Interrupt87)?<code 336> (__Interrupt87):<code 336> (__DefaultInterrupt)
                  0x0000c4          0x4 LONG 0x95b8 DEFINED (__Interrupt88)?<code 336> (__Interrupt88):<code 336> (__DefaultInterrupt)
                  0x0000c6          0x4 LONG 0x95b8 DEFINED (__Interrupt89)?<code 336> (__Interrupt89):<code 336> (__DefaultInterrupt)
                  0x0000c8          0x4 LONG 0x95b8 DEFINED (__Interrupt90)?<code 336> (__Interrupt90):<code 336> (__DefaultInterrupt)
                  0x0000ca          0x4 LONG 0x95b8 DEFINED (__Interrupt91)?<code 336> (__Interrupt91):<code 336> (__DefaultInterrupt)
                  0x0000cc          0x4 LONG 0x95b8 DEFINED (__Interrupt92)?<code 336> (__Interrupt92):<code 336> (__DefaultInterrupt)
                  0x0000ce          0x4 LONG 0x95b8 DEFINED (__Interrupt93)?<code 336> (__Interrupt93):<code 336> (__DefaultInterrupt)
                  0x0000d0          0x4 LONG 0x95b8 DEFINED (__Interrupt94)?<code 336> (__Interrupt94):<code 336> (__DefaultInterrupt)
                  0x0000d2          0x4 LONG 0x95b8 DEFINED (__Interrupt95)?<code 336> (__Interrupt95):<code 336> (__DefaultInterrupt)
                  0x0000d4          0x4 LONG 0x95b8 DEFINED (__Interrupt96)?<code 336> (__Interrupt96):<code 336> (__DefaultInterrupt)
                  0x0000d6          0x4 LONG 0x95b8 DEFINED (__Interrupt97)?<code 336> (__Interrupt97):<code 336> (__DefaultInterrupt)
                  0x0000d8          0x4 LONG 0x95b8 DEFINED (__Interrupt98)?<code 336> (__Interrupt98):<code 336> (__DefaultInterrupt)
                  0x0000da          0x4 LONG 0x95b8 DEFINED (__Interrupt99)?<code 336> (__Interrupt99):<code 336> (__DefaultInterrupt)
                  0x0000dc          0x4 LONG 0x95b8 DEFINED (__Interrupt100)?<code 336> (__Interrupt100):<code 336> (__DefaultInterrupt)
                  0x0000de          0x4 LONG 0x95b8 DEFINED (__Interrupt101)?<code 336> (__Interrupt101):<code 336> (__DefaultInterrupt)
                  0x0000e0          0x4 LONG 0x95b8 DEFINED (__Interrupt102)?<code 336> (__Interrupt102):<code 336> (__DefaultInterrupt)
                  0x0000e2          0x4 LONG 0x95b8 DEFINED (__Interrupt103)?<code 336> (__Interrupt103):<code 336> (__DefaultInterrupt)
                  0x0000e4          0x4 LONG 0x95b8 DEFINED (__Interrupt104)?<code 336> (__Interrupt104):<code 336> (__DefaultInterrupt)
                  0x0000e6          0x4 LONG 0x95b8 DEFINED (__Interrupt105)?<code 336> (__Interrupt105):<code 336> (__DefaultInterrupt)
                  0x0000e8          0x4 LONG 0x95b8 DEFINED (__Interrupt106)?<code 336> (__Interrupt106):<code 336> (__DefaultInterrupt)
                  0x0000ea          0x4 LONG 0x95b8 DEFINED (__Interrupt107)?<code 336> (__Interrupt107):<code 336> (__DefaultInterrupt)
                  0x0000ec          0x4 LONG 0x95b8 DEFINED (__Interrupt108)?<code 336> (__Interrupt108):<code 336> (__DefaultInterrupt)
                  0x0000ee          0x4 LONG 0x95b8 DEFINED (__Interrupt109)?<code 336> (__Interrupt109):<code 336> (__DefaultInterrupt)
                  0x0000f0          0x4 LONG 0x95b8 DEFINED (__Interrupt110)?<code 336> (__Interrupt110):<code 336> (__DefaultInterrupt)
                  0x0000f2          0x4 LONG 0x95b8 DEFINED (__Interrupt111)?<code 336> (__Interrupt111):<code 336> (__DefaultInterrupt)
                  0x0000f4          0x4 LONG 0x95b8 DEFINED (__Interrupt112)?<code 336> (__Interrupt112):<code 336> (__DefaultInterrupt)
                  0x0000f6          0x4 LONG 0x95b8 DEFINED (__Interrupt113)?<code 336> (__Interrupt113):<code 336> (__DefaultInterrupt)
                  0x0000f8          0x4 LONG 0x95b8 DEFINED (__Interrupt114)?<code 336> (__Interrupt114):<code 336> (__DefaultInterrupt)
                  0x0000fa          0x4 LONG 0x95b8 DEFINED (__Interrupt115)?<code 336> (__Interrupt115):<code 336> (__DefaultInterrupt)
                  0x0000fc          0x4 LONG 0x95b8 DEFINED (__Interrupt116)?<code 336> (__Interrupt116):<code 336> (__DefaultInterrupt)
                  0x0000fe          0x4 LONG 0x95b8 DEFINED (__Interrupt117)?<code 336> (__Interrupt117):<code 336> (__DefaultInterrupt)

.aivt             0x000104         0xfc
                  0x000104          0x4 LONG 0x95b8 DEFINED (__AltReservedTrap0)?<code 336> (__AltReservedTrap0):DEFINED (__ReservedTrap0)?<code 336> (__ReservedTrap0):<code 336> (__DefaultInterrupt)
                  0x000106          0x4 LONG 0x915c DEFINED (__AltOscillatorFail)?<code 336> (__AltOscillatorFail):DEFINED (__OscillatorFail)?<code 336> (__OscillatorFail):<code 336> (__DefaultInterrupt)
                  0x000108          0x4 LONG 0x9162 DEFINED (__AltAddressError)?<code 336> (__AltAddressError):DEFINED (__AddressError)?<code 336> (__AddressError):<code 336> (__DefaultInterrupt)
                  0x00010a          0x4 LONG 0x9168 DEFINED (__AltStackError)?<code 336> (__AltStackError):DEFINED (__StackError)?<code 336> (__StackError):<code 336> (__DefaultInterrupt)
                  0x00010c          0x4 LONG 0x916e DEFINED (__AltMathError)?<code 336> (__AltMathError):DEFINED (__MathError)?<code 336> (__MathError):<code 336> (__DefaultInterrupt)
                  0x00010e          0x4 LONG 0x95b8 DEFINED (__AltReservedTrap5)?<code 336> (__AltReservedTrap5):DEFINED (__ReservedTrap5)?<code 336> (__ReservedTrap5):<code 336> (__DefaultInterrupt)
                  0x000110          0x4 LONG 0x95b8 DEFINED (__AltReservedTrap6)?<code 336> (__AltReservedTrap6):DEFINED (__ReservedTrap6)?<code 336> (__ReservedTrap6):<code 336> (__DefaultInterrupt)
                  0x000112          0x4 LONG 0x95b8 DEFINED (__AltReservedTrap7)?<code 336> (__AltReservedTrap7):DEFINED (__ReservedTrap7)?<code 336> (__ReservedTrap7):<code 336> (__DefaultInterrupt)
                  0x000114          0x4 LONG 0x95b8 DEFINED (__AltINT0Interrupt)?<code 336> (__AltINT0Interrupt):DEFINED (__INT0Interrupt)?<code 336> (__INT0Interrupt):<code 336> (__DefaultInterrupt)
                  0x000116          0x4 LONG 0x95b8 DEFINED (__AltIC1Interrupt)?<code 336> (__AltIC1Interrupt):DEFINED (__IC1Interrupt)?<code 336> (__IC1Interrupt):<code 336> (__DefaultInterrupt)
                  0x000118          0x4 LONG 0x95b8 DEFINED (__AltOC1Interrupt)?<code 336> (__AltOC1Interrupt):DEFINED (__OC1Interrupt)?<code 336> (__OC1Interrupt):<code 336> (__DefaultInterrupt)
                  0x00011a          0x4 LONG 0x9174 DEFINED (__AltT1Interrupt)?<code 336> (__AltT1Interrupt):DEFINED (__T1Interrupt)?<code 336> (__T1Interrupt):<code 336> (__DefaultInterrupt)
                  0x00011c          0x4 LONG 0x95b8 DEFINED (__AltInterrupt4)?<code 336> (__AltInterrupt4):DEFINED (__Interrupt4)?<code 336> (__Interrupt4):<code 336> (__DefaultInterrupt)
                  0x00011e          0x4 LONG 0x95b8 DEFINED (__AltIC2Interrupt)?<code 336> (__AltIC2Interrupt):DEFINED (__IC2Interrupt)?<code 336> (__IC2Interrupt):<code 336> (__DefaultInterrupt)
                  0x000120          0x4 LONG 0x95b8 DEFINED (__AltOC2Interrupt)?<code 336> (__AltOC2Interrupt):DEFINED (__OC2Interrupt)?<code 336> (__OC2Interrupt):<code 336> (__DefaultInterrupt)
                  0x000122          0x4 LONG 0x9190 DEFINED (__AltT2Interrupt)?<code 336> (__AltT2Interrupt):DEFINED (__T2Interrupt)?<code 336> (__T2Interrupt):<code 336> (__DefaultInterrupt)
                  0x000124          0x4 LONG 0x95b8 DEFINED (__AltT3Interrupt)?<code 336> (__AltT3Interrupt):DEFINED (__T3Interrupt)?<code 336> (__T3Interrupt):<code 336> (__DefaultInterrupt)
                  0x000126          0x4 LONG 0x95b8 DEFINED (__AltSPI1ErrInterrupt)?<code 336> (__AltSPI1ErrInterrupt):DEFINED (__SPI1ErrInterrupt)?<code 336> (__SPI1ErrInterrupt):<code 336> (__DefaultInterrupt)
                  0x000128          0x4 LONG 0x95b8 DEFINED (__AltSPI1Interrupt)?<code 336> (__AltSPI1Interrupt):DEFINED (__SPI1Interrupt)?<code 336> (__SPI1Interrupt):<code 336> (__DefaultInterrupt)
                  0x00012a          0x4 LONG 0x91d4 DEFINED (__AltU1RXInterrupt)?<code 336> (__AltU1RXInterrupt):DEFINED (__U1RXInterrupt)?<code 336> (__U1RXInterrupt):<code 336> (__DefaultInterrupt)
                  0x00012c          0x4 LONG 0x95b8 DEFINED (__AltU1TXInterrupt)?<code 336> (__AltU1TXInterrupt):DEFINED (__U1TXInterrupt)?<code 336> (__U1TXInterrupt):<code 336> (__DefaultInterrupt)
                  0x00012e          0x4 LONG 0x95b8 DEFINED (__AltADC1Interrupt)?<code 336> (__AltADC1Interrupt):DEFINED (__ADC1Interrupt)?<code 336> (__ADC1Interrupt):<code 336> (__DefaultInterrupt)
                  0x000130          0x4 LONG 0x95b8 DEFINED (__AltInterrupt14)?<code 336> (__AltInterrupt14):DEFINED (__Interrupt14)?<code 336> (__Interrupt14):<code 336> (__DefaultInterrupt)
                  0x000132          0x4 LONG 0x95b8 DEFINED (__AltInterrupt15)?<code 336> (__AltInterrupt15):DEFINED (__Interrupt15)?<code 336> (__Interrupt15):<code 336> (__DefaultInterrupt)
                  0x000134          0x4 LONG 0x95b8 DEFINED (__AltSI2C1Interrupt)?<code 336> (__AltSI2C1Interrupt):DEFINED (__SI2C1Interrupt)?<code 336> (__SI2C1Interrupt):<code 336> (__DefaultInterrupt)
                  0x000136          0x4 LONG 0x95b8 DEFINED (__AltMI2C1Interrupt)?<code 336> (__AltMI2C1Interrupt):DEFINED (__MI2C1Interrupt)?<code 336> (__MI2C1Interrupt):<code 336> (__DefaultInterrupt)
                  0x000138          0x4 LONG 0x95b8 DEFINED (__AltCompInterrupt)?<code 336> (__AltCompInterrupt):DEFINED (__CompInterrupt)?<code 336> (__CompInterrupt):<code 336> (__DefaultInterrupt)
                  0x00013a          0x4 LONG 0x95b8 DEFINED (__AltCNInterrupt)?<code 336> (__AltCNInterrupt):DEFINED (__CNInterrupt)?<code 336> (__CNInterrupt):<code 336> (__DefaultInterrupt)
                  0x00013c          0x4 LONG 0x91ac DEFINED (__AltINT1Interrupt)?<code 336> (__AltINT1Interrupt):DEFINED (__INT1Interrupt)?<code 336> (__INT1Interrupt):<code 336> (__DefaultInterrupt)
                  0x00013e          0x4 LONG 0x95b8 DEFINED (__AltInterrupt21)?<code 336> (__AltInterrupt21):DEFINED (__Interrupt21)?<code 336> (__Interrupt21):<code 336> (__DefaultInterrupt)
                  0x000140          0x4 LONG 0x95b8 DEFINED (__AltInterrupt22)?<code 336> (__AltInterrupt22):DEFINED (__Interrupt22)?<code 336> (__Interrupt22):<code 336> (__DefaultInterrupt)
                  0x000142          0x4 LONG 0x95b8 DEFINED (__AltInterrupt23)?<code 336> (__AltInterrupt23):DEFINED (__Interrupt23)?<code 336> (__Interrupt23):<code 336> (__DefaultInterrupt)
                  0x000144          0x4 LONG 0x95b8 DEFINED (__AltInterrupt24)?<code 336> (__AltInterrupt24):DEFINED (__Interrupt24)?<code 336> (__Interrupt24):<code 336> (__DefaultInterrupt)
                  0x000146          0x4 LONG 0x95b8 DEFINED (__AltOC3Interrupt)?<code 336> (__AltOC3Interrupt):DEFINED (__OC3Interrupt)?<code 336> (__OC3Interrupt):<code 336> (__DefaultInterrupt)
                  0x000148          0x4 LONG 0x95b8 DEFINED (__AltOC4Interrupt)?<code 336> (__AltOC4Interrupt):DEFINED (__OC4Interrupt)?<code 336> (__OC4Interrupt):<code 336> (__DefaultInterrupt)
                  0x00014a          0x4 LONG 0x95b8 DEFINED (__AltT4Interrupt)?<code 336> (__AltT4Interrupt):DEFINED (__T4Interrupt)?<code 336> (__T4Interrupt):<code 336> (__DefaultInterrupt)
                  0x00014c          0x4 LONG 0x95b8 DEFINED (__AltT5Interrupt)?<code 336> (__AltT5Interrupt):DEFINED (__T5Interrupt)?<code 336> (__T5Interrupt):<code 336> (__DefaultInterrupt)
                  0x00014e          0x4 LONG 0x95b8 DEFINED (__AltINT2Interrupt)?<code 336> (__AltINT2Interrupt):DEFINED (__INT2Interrupt)?<code 336> (__INT2Interrupt):<code 336> (__DefaultInterrupt)
                  0x000150          0x4 LONG 0x95b8 DEFINED (__AltU2RXInterrupt)?<code 336> (__AltU2RXInterrupt):DEFINED (__U2RXInterrupt)?<code 336> (__U2RXInterrupt):<code 336> (__DefaultInterrupt)
                  0x000152          0x4 LONG 0x95b8 DEFINED (__AltU2TXInterrupt)?<code 336> (__AltU2TXInterrupt):DEFINED (__U2TXInterrupt)?<code 336> (__U2TXInterrupt):<code 336> (__DefaultInterrupt)
                  0x000154          0x4 LONG 0x95b8 DEFINED (__AltSPI2ErrInterrupt)?<code 336> (__AltSPI2ErrInterrupt):DEFINED (__SPI2ErrInterrupt)?<code 336> (__SPI2ErrInterrupt):<code 336> (__DefaultInterrupt)
                  0x000156          0x4 LONG 0x95b8 DEFINED (__AltSPI2Interrupt)?<code 336> (__AltSPI2Interrupt):DEFINED (__SPI2Interrupt)?<code 336> (__SPI2Interrupt):<code 336> (__DefaultInterrupt)
                  0x000158          0x4 LONG 0x95b8 DEFINED (__AltInterrupt34)?<code 336> (__AltInterrupt34):DEFINED (__Interrupt34)?<code 336> (__Interrupt34):<code 336> (__DefaultInterrupt)
                  0x00015a          0x4 LONG 0x95b8 DEFINED (__AltInterrupt35)?<code 336> (__AltInterrupt35):DEFINED (__Interrupt35)?<code 336> (__Interrupt35):<code 336> (__DefaultInterrupt)
                  0x00015c          0x4 LONG 0x95b8 DEFINED (__AltInterrupt36)?<code 336> (__AltInterrupt36):DEFINED (__Interrupt36)?<code 336> (__Interrupt36):<code 336> (__DefaultInterrupt)
                  0x00015e          0x4 LONG 0x95b8 DEFINED (__AltIC3Interrupt)?<code 336> (__AltIC3Interrupt):DEFINED (__IC3Interrupt)?<code 336> (__IC3Interrupt):<code 336> (__DefaultInterrupt)
                  0x000160          0x4 LONG 0x95b8 DEFINED (__AltIC4Interrupt)?<code 336> (__AltIC4Interrupt):DEFINED (__IC4Interrupt)?<code 336> (__IC4Interrupt):<code 336> (__DefaultInterrupt)
                  0x000162          0x4 LONG 0x95b8 DEFINED (__AltIC5Interrupt)?<code 336> (__AltIC5Interrupt):DEFINED (__IC5Interrupt)?<code 336> (__IC5Interrupt):<code 336> (__DefaultInterrupt)
                  0x000164          0x4 LONG 0x95b8 DEFINED (__AltInterrupt40)?<code 336> (__AltInterrupt40):DEFINED (__Interrupt40)?<code 336> (__Interrupt40):<code 336> (__DefaultInterrupt)
                  0x000166          0x4 LONG 0x95b8 DEFINED (__AltOC5Interrupt)?<code 336> (__AltOC5Interrupt):DEFINED (__OC5Interrupt)?<code 336> (__OC5Interrupt):<code 336> (__DefaultInterrupt)
                  0x000168          0x4 LONG 0x95b8 DEFINED (__AltInterrupt42)?<code 336> (__AltInterrupt42):DEFINED (__Interrupt42)?<code 336> (__Interrupt42):<code 336> (__DefaultInterrupt)
                  0x00016a          0x4 LONG 0x95b8 DEFINED (__AltInterrupt43)?<code 336> (__AltInterrupt43):DEFINED (__Interrupt43)?<code 336> (__Interrupt43):<code 336> (__DefaultInterrupt)
                  0x00016c          0x4 LONG 0x95b8 DEFINED (__AltInterrupt44)?<code 336> (__AltInterrupt44):DEFINED (__Interrupt44)?<code 336> (__Interrupt44):<code 336> (__DefaultInterrupt)
                  0x00016e          0x4 LONG 0x95b8 DEFINED (__AltPMPInterrupt)?<code 336> (__AltPMPInterrupt):DEFINED (__PMPInterrupt)?<code 336> (__PMPInterrupt):<code 336> (__DefaultInterrupt)
                  0x000170          0x4 LONG 0x95b8 DEFINED (__AltInterrupt46)?<code 336> (__AltInterrupt46):DEFINED (__Interrupt46)?<code 336> (__Interrupt46):<code 336> (__DefaultInterrupt)
                  0x000172          0x4 LONG 0x95b8 DEFINED (__AltInterrupt47)?<code 336> (__AltInterrupt47):DEFINED (__Interrupt47)?<code 336> (__Interrupt47):<code 336> (__DefaultInterrupt)
                  0x000174          0x4 LONG 0x95b8 DEFINED (__AltInterrupt48)?<code 336> (__AltInterrupt48):DEFINED (__Interrupt48)?<code 336> (__Interrupt48):<code 336> (__DefaultInterrupt)
                  0x000176          0x4 LONG 0x95b8 DEFINED (__AltSI2C2Interrupt)?<code 336> (__AltSI2C2Interrupt):DEFINED (__SI2C2Interrupt)?<code 336> (__SI2C2Interrupt):<code 336> (__DefaultInterrupt)
                  0x000178          0x4 LONG 0x95b8 DEFINED (__AltMI2C2Interrupt)?<code 336> (__AltMI2C2Interrupt):DEFINED (__MI2C2Interrupt)?<code 336> (__MI2C2Interrupt):<code 336> (__DefaultInterrupt)
                  0x00017a          0x4 LONG 0x95b8 DEFINED (__AltInterrupt51)?<code 336> (__AltInterrupt51):DEFINED (__Interrupt51)?<code 336> (__Interrupt51):<code 336> (__DefaultInterrupt)
                  0x00017c          0x4 LONG 0x95b8 DEFINED (__AltInterrupt52)?<code 336> (__AltInterrupt52):DEFINED (__Interrupt52)?<code 336> (__Interrupt52):<code 336> (__DefaultInterrupt)
                  0x00017e          0x4 LONG 0x95b8 DEFINED (__AltInterrupt53)?<code 336> (__AltInterrupt53):DEFINED (__Interrupt53)?<code 336> (__Interrupt53):<code 336> (__DefaultInterrupt)
                  0x000180          0x4 LONG 0x95b8 DEFINED (__AltInterrupt54)?<code 336> (__AltInterrupt54):DEFINED (__Interrupt54)?<code 336> (__Interrupt54):<code 336> (__DefaultInterrupt)
                  0x000182          0x4 LONG 0x95b8 DEFINED (__AltInterrupt55)?<code 336> (__AltInterrupt55):DEFINED (__Interrupt55)?<code 336> (__Interrupt55):<code 336> (__DefaultInterrupt)
                  0x000184          0x4 LONG 0x95b8 DEFINED (__AltInterrupt56)?<code 336> (__AltInterrupt56):DEFINED (__Interrupt56)?<code 336> (__Interrupt56):<code 336> (__DefaultInterrupt)
                  0x000186          0x4 LONG 0x95b8 DEFINED (__AltInterrupt57)?<code 336> (__AltInterrupt57):DEFINED (__Interrupt57)?<code 336> (__Interrupt57):<code 336> (__DefaultInterrupt)
                  0x000188          0x4 LONG 0x95b8 DEFINED (__AltInterrupt58)?<code 336> (__AltInterrupt58):DEFINED (__Interrupt58)?<code 336> (__Interrupt58):<code 336> (__DefaultInterrupt)
                  0x00018a          0x4 LONG 0x95b8 DEFINED (__AltInterrupt59)?<code 336> (__AltInterrupt59):DEFINED (__Interrupt59)?<code 336> (__Interrupt59):<code 336> (__DefaultInterrupt)
                  0x00018c          0x4 LONG 0x95b8 DEFINED (__AltInterrupt60)?<code 336> (__AltInterrupt60):DEFINED (__Interrupt60)?<code 336> (__Interrupt60):<code 336> (__DefaultInterrupt)
                  0x00018e          0x4 LONG 0x95b8 DEFINED (__AltInterrupt61)?<code 336> (__AltInterrupt61):DEFINED (__Interrupt61)?<code 336> (__Interrupt61):<code 336> (__DefaultInterrupt)
                  0x000190          0x4 LONG 0x95b8 DEFINED (__AltRTCCInterrupt)?<code 336> (__AltRTCCInterrupt):DEFINED (__RTCCInterrupt)?<code 336> (__RTCCInterrupt):<code 336> (__DefaultInterrupt)
                  0x000192          0x4 LONG 0x95b8 DEFINED (__AltInterrupt63)?<code 336> (__AltInterrupt63):DEFINED (__Interrupt63)?<code 336> (__Interrupt63):<code 336> (__DefaultInterrupt)
                  0x000194          0x4 LONG 0x95b8 DEFINED (__AltInterrupt64)?<code 336> (__AltInterrupt64):DEFINED (__Interrupt64)?<code 336> (__Interrupt64):<code 336> (__DefaultInterrupt)
                  0x000196          0x4 LONG 0x95b8 DEFINED (__AltU1ErrInterrupt)?<code 336> (__AltU1ErrInterrupt):DEFINED (__U1ErrInterrupt)?<code 336> (__U1ErrInterrupt):<code 336> (__DefaultInterrupt)
                  0x000198          0x4 LONG 0x95b8 DEFINED (__AltU2ErrInterrupt)?<code 336> (__AltU2ErrInterrupt):DEFINED (__U2ErrInterrupt)?<code 336> (__U2ErrInterrupt):<code 336> (__DefaultInterrupt)
                  0x00019a          0x4 LONG 0x95b8 DEFINED (__AltCRCInterrupt)?<code 336> (__AltCRCInterrupt):DEFINED (__CRCInterrupt)?<code 336> (__CRCInterrupt):<code 336> (__DefaultInterrupt)
                  0x00019c          0x4 LONG 0x95b8 DEFINED (__AltInterrupt68)?<code 336> (__AltInterrupt68):DEFINED (__Interrupt68)?<code 336> (__Interrupt68):<code 336> (__DefaultInterrupt)
                  0x00019e          0x4 LONG 0x95b8 DEFINED (__AltInterrupt69)?<code 336> (__AltInterrupt69):DEFINED (__Interrupt69)?<code 336> (__Interrupt69):<code 336> (__DefaultInterrupt)
                  0x0001a0          0x4 LONG 0x95b8 DEFINED (__AltInterrupt70)?<code 336> (__AltInterrupt70):DEFINED (__Interrupt70)?<code 336> (__Interrupt70):<code 336> (__DefaultInterrupt)
                  0x0001a2          0x4 LONG 0x95b8 DEFINED (__AltInterrupt71)?<code 336> (__AltInterrupt71):DEFINED (__Interrupt71)?<code 336> (__Interrupt71):<code 336> (__DefaultInterrupt)
                  0x0001a4          0x4 LONG 0x95b8 DEFINED (__AltLVDInterrupt)?<code 336> (__AltLVDInterrupt):DEFINED (__LVDInterrupt)?<code 336> (__LVDInterrupt):<code 336> (__DefaultInterrupt)
                  0x0001a6          0x4 LONG 0x95b8 DEFINED (__AltInterrupt73)?<code 336> (__AltInterrupt73):DEFINED (__Interrupt73)?<code 336> (__Interrupt73):<code 336> (__DefaultInterrupt)
                  0x0001a8          0x4 LONG 0x95b8 DEFINED (__AltInterrupt74)?<code 336> (__AltInterrupt74):DEFINED (__Interrupt74)?<code 336> (__Interrupt74):<code 336> (__DefaultInterrupt)
                  0x0001aa          0x4 LONG 0x95b8 DEFINED (__AltInterrupt75)?<code 336> (__AltInterrupt75):DEFINED (__Interrupt75)?<code 336> (__Interrupt75):<code 336> (__DefaultInterrupt)
                  0x0001ac          0x4 LONG 0x95b8 DEFINED (__AltInterrupt76)?<code 336> (__AltInterrupt76):DEFINED (__Interrupt76)?<code 336> (__Interrupt76):<code 336> (__DefaultInterrupt)
                  0x0001ae          0x4 LONG 0x95b8 DEFINED (__AltInterrupt77)?<code 336> (__AltInterrupt77):DEFINED (__Interrupt77)?<code 336> (__Interrupt77):<code 336> (__DefaultInterrupt)
                  0x0001b0          0x4 LONG 0x95b8 DEFINED (__AltInterrupt78)?<code 336> (__AltInterrupt78):DEFINED (__Interrupt78)?<code 336> (__Interrupt78):<code 336> (__DefaultInterrupt)
                  0x0001b2          0x4 LONG 0x95b8 DEFINED (__AltInterrupt79)?<code 336> (__AltInterrupt79):DEFINED (__Interrupt79)?<code 336> (__Interrupt79):<code 336> (__DefaultInterrupt)
                  0x0001b4          0x4 LONG 0x95b8 DEFINED (__AltInterrupt80)?<code 336> (__AltInterrupt80):DEFINED (__Interrupt80)?<code 336> (__Interrupt80):<code 336> (__DefaultInterrupt)
                  0x0001b6          0x4 LONG 0x95b8 DEFINED (__AltInterrupt81)?<code 336> (__AltInterrupt81):DEFINED (__Interrupt81)?<code 336> (__Interrupt81):<code 336> (__DefaultInterrupt)
                  0x0001b8          0x4 LONG 0x95b8 DEFINED (__AltInterrupt82)?<code 336> (__AltInterrupt82):DEFINED (__Interrupt82)?<code 336> (__Interrupt82):<code 336> (__DefaultInterrupt)
                  0x0001ba          0x4 LONG 0x95b8 DEFINED (__AltInterrupt83)?<code 336> (__AltInterrupt83):DEFINED (__Interrupt83)?<code 336> (__Interrupt83):<code 336> (__DefaultInterrupt)
                  0x0001bc          0x4 LONG 0x95b8 DEFINED (__AltInterrupt84)?<code 336> (__AltInterrupt84):DEFINED (__Interrupt84)?<code 336> (__Interrupt84):<code 336> (__DefaultInterrupt)
                  0x0001be          0x4 LONG 0x95b8 DEFINED (__AltInterrupt85)?<code 336> (__AltInterrupt85):DEFINED (__Interrupt85)?<code 336> (__Interrupt85):<code 336> (__DefaultInterrupt)
                  0x0001c0          0x4 LONG 0x95b8 DEFINED (__AltInterrupt86)?<code 336> (__AltInterrupt86):DEFINED (__Interrupt86)?<code 336> (__Interrupt86):<code 336> (__DefaultInterrupt)
                  0x0001c2          0x4 LONG 0x95b8 DEFINED (__AltInterrupt87)?<code 336> (__AltInterrupt87):DEFINED (__Interrupt87)?<code 336> (__Interrupt87):<code 336> (__DefaultInterrupt)
                  0x0001c4          0x4 LONG 0x95b8 DEFINED (__AltInterrupt88)?<code 336> (__AltInterrupt88):DEFINED (__Interrupt88)?<code 336> (__Interrupt88):<code 336> (__DefaultInterrupt)
                  0x0001c6          0x4 LONG 0x95b8 DEFINED (__AltInterrupt89)?<code 336> (__AltInterrupt89):DEFINED (__Interrupt89)?<code 336> (__Interrupt89):<code 336> (__DefaultInterrupt)
                  0x0001c8          0x4 LONG 0x95b8 DEFINED (__AltInterrupt90)?<code 336> (__AltInterrupt90):DEFINED (__Interrupt90)?<code 336> (__Interrupt90):<code 336> (__DefaultInterrupt)
                  0x0001ca          0x4 LONG 0x95b8 DEFINED (__AltInterrupt91)?<code 336> (__AltInterrupt91):DEFINED (__Interrupt91)?<code 336> (__Interrupt91):<code 336> (__DefaultInterrupt)
                  0x0001cc          0x4 LONG 0x95b8 DEFINED (__AltInterrupt92)?<code 336> (__AltInterrupt92):DEFINED (__Interrupt92)?<code 336> (__Interrupt92):<code 336> (__DefaultInterrupt)
                  0x0001ce          0x4 LONG 0x95b8 DEFINED (__AltInterrupt93)?<code 336> (__AltInterrupt93):DEFINED (__Interrupt93)?<code 336> (__Interrupt93):<code 336> (__DefaultInterrupt)
                  0x0001d0          0x4 LONG 0x95b8 DEFINED (__AltInterrupt94)?<code 336> (__AltInterrupt94):DEFINED (__Interrupt94)?<code 336> (__Interrupt94):<code 336> (__DefaultInterrupt)
                  0x0001d2          0x4 LONG 0x95b8 DEFINED (__AltInterrupt95)?<code 336> (__AltInterrupt95):DEFINED (__Interrupt95)?<code 336> (__Interrupt95):<code 336> (__DefaultInterrupt)
                  0x0001d4          0x4 LONG 0x95b8 DEFINED (__AltInterrupt96)?<code 336> (__AltInterrupt96):DEFINED (__Interrupt96)?<code 336> (__Interrupt96):<code 336> (__DefaultInterrupt)
                  0x0001d6          0x4 LONG 0x95b8 DEFINED (__AltInterrupt97)?<code 336> (__AltInterrupt97):DEFINED (__Interrupt97)?<code 336> (__Interrupt97):<code 336> (__DefaultInterrupt)
                  0x0001d8          0x4 LONG 0x95b8 DEFINED (__AltInterrupt98)?<code 336> (__AltInterrupt98):DEFINED (__Interrupt98)?<code 336> (__Interrupt98):<code 336> (__DefaultInterrupt)
                  0x0001da          0x4 LONG 0x95b8 DEFINED (__AltInterrupt99)?<code 336> (__AltInterrupt99):DEFINED (__Interrupt99)?<code 336> (__Interrupt99):<code 336> (__DefaultInterrupt)
                  0x0001dc          0x4 LONG 0x95b8 DEFINED (__AltInterrupt100)?<code 336> (__AltInterrupt100):DEFINED (__Interrupt100)?<code 336> (__Interrupt100):<code 336> (__DefaultInterrupt)
                  0x0001de          0x4 LONG 0x95b8 DEFINED (__AltInterrupt101)?<code 336> (__AltInterrupt101):DEFINED (__Interrupt101)?<code 336> (__Interrupt101):<code 336> (__DefaultInterrupt)
                  0x0001e0          0x4 LONG 0x95b8 DEFINED (__AltInterrupt102)?<code 336> (__AltInterrupt102):DEFINED (__Interrupt102)?<code 336> (__Interrupt102):<code 336> (__DefaultInterrupt)
                  0x0001e2          0x4 LONG 0x95b8 DEFINED (__AltInterrupt103)?<code 336> (__AltInterrupt103):DEFINED (__Interrupt103)?<code 336> (__Interrupt103):<code 336> (__DefaultInterrupt)
                  0x0001e4          0x4 LONG 0x95b8 DEFINED (__AltInterrupt104)?<code 336> (__AltInterrupt104):DEFINED (__Interrupt104)?<code 336> (__Interrupt104):<code 336> (__DefaultInterrupt)
                  0x0001e6          0x4 LONG 0x95b8 DEFINED (__AltInterrupt105)?<code 336> (__AltInterrupt105):DEFINED (__Interrupt105)?<code 336> (__Interrupt105):<code 336> (__DefaultInterrupt)
                  0x0001e8          0x4 LONG 0x95b8 DEFINED (__AltInterrupt106)?<code 336> (__AltInterrupt106):DEFINED (__Interrupt106)?<code 336> (__Interrupt106):<code 336> (__DefaultInterrupt)
                  0x0001ea          0x4 LONG 0x95b8 DEFINED (__AltInterrupt107)?<code 336> (__AltInterrupt107):DEFINED (__Interrupt107)?<code 336> (__Interrupt107):<code 336> (__DefaultInterrupt)
                  0x0001ec          0x4 LONG 0x95b8 DEFINED (__AltInterrupt108)?<code 336> (__AltInterrupt108):DEFINED (__Interrupt108)?<code 336> (__Interrupt108):<code 336> (__DefaultInterrupt)
                  0x0001ee          0x4 LONG 0x95b8 DEFINED (__AltInterrupt109)?<code 336> (__AltInterrupt109):DEFINED (__Interrupt109)?<code 336> (__Interrupt109):<code 336> (__DefaultInterrupt)
                  0x0001f0          0x4 LONG 0x95b8 DEFINED (__AltInterrupt110)?<code 336> (__AltInterrupt110):DEFINED (__Interrupt110)?<code 336> (__Interrupt110):<code 336> (__DefaultInterrupt)
                  0x0001f2          0x4 LONG 0x95b8 DEFINED (__AltInterrupt111)?<code 336> (__AltInterrupt111):DEFINED (__Interrupt111)?<code 336> (__Interrupt111):<code 336> (__DefaultInterrupt)
                  0x0001f4          0x4 LONG 0x95b8 DEFINED (__AltInterrupt112)?<code 336> (__AltInterrupt112):DEFINED (__Interrupt112)?<code 336> (__Interrupt112):<code 336> (__DefaultInterrupt)
                  0x0001f6          0x4 LONG 0x95b8 DEFINED (__AltInterrupt113)?<code 336> (__AltInterrupt113):DEFINED (__Interrupt113)?<code 336> (__Interrupt113):<code 336> (__DefaultInterrupt)
                  0x0001f8          0x4 LONG 0x95b8 DEFINED (__AltInterrupt114)?<code 336> (__AltInterrupt114):DEFINED (__Interrupt114)?<code 336> (__Interrupt114):<code 336> (__DefaultInterrupt)
                  0x0001fa          0x4 LONG 0x95b8 DEFINED (__AltInterrupt115)?<code 336> (__AltInterrupt115):DEFINED (__Interrupt115)?<code 336> (__Interrupt115):<code 336> (__DefaultInterrupt)
                  0x0001fc          0x4 LONG 0x95b8 DEFINED (__AltInterrupt116)?<code 336> (__AltInterrupt116):DEFINED (__Interrupt116)?<code 336> (__Interrupt116):<code 336> (__DefaultInterrupt)
                  0x0001fe          0x4 LONG 0x95b8 DEFINED (__AltInterrupt117)?<code 336> (__AltInterrupt117):DEFINED (__Interrupt117)?<code 336> (__Interrupt117):<code 336> (__DefaultInterrupt)
                    0x0000                  WREG0 = 0x0
                    0x0000                  _WREG0 = 0x0
                    0x0002                  WREG1 = 0x2
                    0x0002                  _WREG1 = 0x2
                    0x0004                  WREG2 = 0x4
                    0x0004                  _WREG2 = 0x4
                    0x0006                  WREG3 = 0x6
                    0x0006                  _WREG3 = 0x6
                    0x0008                  WREG4 = 0x8
                    0x0008                  _WREG4 = 0x8
                    0x000a                  WREG5 = 0xa
                    0x000a                  _WREG5 = 0xa
                    0x000c                  WREG6 = 0xc
                    0x000c                  _WREG6 = 0xc
                    0x000e                  WREG7 = 0xe
                    0x000e                  _WREG7 = 0xe
                    0x0010                  WREG8 = 0x10
                    0x0010                  _WREG8 = 0x10
                    0x0012                  WREG9 = 0x12
                    0x0012                  _WREG9 = 0x12
                    0x0014                  WREG10 = 0x14
                    0x0014                  _WREG10 = 0x14
                    0x0016                  WREG11 = 0x16
                    0x0016                  _WREG11 = 0x16
                    0x0018                  WREG12 = 0x18
                    0x0018                  _WREG12 = 0x18
                    0x001a                  WREG13 = 0x1a
                    0x001a                  _WREG13 = 0x1a
                    0x001c                  WREG14 = 0x1c
                    0x001c                  _WREG14 = 0x1c
                    0x001e                  WREG15 = 0x1e
                    0x001e                  _WREG15 = 0x1e
                    0x0020                  SPLIM = 0x20
                    0x0020                  _SPLIM = 0x20
                    0x002e                  PCL = 0x2e
                    0x002e                  _PCL = 0x2e
                    0x0030                  PCH = 0x30
                    0x0030                  _PCH = 0x30
                    0x0032                  TBLPAG = 0x32
                    0x0032                  _TBLPAG = 0x32
                    0x0034                  PSVPAG = 0x34
                    0x0034                  _PSVPAG = 0x34
                    0x0036                  RCOUNT = 0x36
                    0x0036                  _RCOUNT = 0x36
                    0x0042                  SR = 0x42
                    0x0042                  _SR = 0x42
                    0x0042                  _SRbits = 0x42
                    0x0044                  CORCON = 0x44
                    0x0044                  _CORCON = 0x44
                    0x0044                  _CORCONbits = 0x44
                    0x0052                  DISICNT = 0x52
                    0x0052                  _DISICNT = 0x52
                    0x0060                  CNEN1 = 0x60
                    0x0060                  _CNEN1 = 0x60
                    0x0060                  _CNEN1bits = 0x60
                    0x0062                  CNEN2 = 0x62
                    0x0062                  _CNEN2 = 0x62
                    0x0062                  _CNEN2bits = 0x62
                    0x0068                  CNPU1 = 0x68
                    0x0068                  _CNPU1 = 0x68
                    0x0068                  _CNPU1bits = 0x68
                    0x006a                  CNPU2 = 0x6a
                    0x006a                  _CNPU2 = 0x6a
                    0x006a                  _CNPU2bits = 0x6a
                    0x0080                  INTCON1 = 0x80
                    0x0080                  _INTCON1 = 0x80
                    0x0080                  _INTCON1bits = 0x80
                    0x0082                  INTCON2 = 0x82
                    0x0082                  _INTCON2 = 0x82
                    0x0082                  _INTCON2bits = 0x82
                    0x0084                  IFS0 = 0x84
                    0x0084                  _IFS0 = 0x84
                    0x0084                  _IFS0bits = 0x84
                    0x0086                  IFS1 = 0x86
                    0x0086                  _IFS1 = 0x86
                    0x0086                  _IFS1bits = 0x86
                    0x0088                  IFS2 = 0x88
                    0x0088                  _IFS2 = 0x88
                    0x0088                  _IFS2bits = 0x88
                    0x008a                  IFS3 = 0x8a
                    0x008a                  _IFS3 = 0x8a
                    0x008a                  _IFS3bits = 0x8a
                    0x008c                  IFS4 = 0x8c
                    0x008c                  _IFS4 = 0x8c
                    0x008c                  _IFS4bits = 0x8c
                    0x0094                  IEC0 = 0x94
                    0x0094                  _IEC0 = 0x94
                    0x0094                  _IEC0bits = 0x94
                    0x0096                  IEC1 = 0x96
                    0x0096                  _IEC1 = 0x96
                    0x0096                  _IEC1bits = 0x96
                    0x0098                  IEC2 = 0x98
                    0x0098                  _IEC2 = 0x98
                    0x0098                  _IEC2bits = 0x98
                    0x009a                  IEC3 = 0x9a
                    0x009a                  _IEC3 = 0x9a
                    0x009a                  _IEC3bits = 0x9a
                    0x009c                  IEC4 = 0x9c
                    0x009c                  _IEC4 = 0x9c
                    0x009c                  _IEC4bits = 0x9c
                    0x00a4                  IPC0 = 0xa4
                    0x00a4                  _IPC0 = 0xa4
                    0x00a4                  _IPC0bits = 0xa4
                    0x00a6                  IPC1 = 0xa6
                    0x00a6                  _IPC1 = 0xa6
                    0x00a6                  _IPC1bits = 0xa6
                    0x00a8                  IPC2 = 0xa8
                    0x00a8                  _IPC2 = 0xa8
                    0x00a8                  _IPC2bits = 0xa8
                    0x00aa                  IPC3 = 0xaa
                    0x00aa                  _IPC3 = 0xaa
                    0x00aa                  _IPC3bits = 0xaa
                    0x00ac                  IPC4 = 0xac
                    0x00ac                  _IPC4 = 0xac
                    0x00ac                  _IPC4bits = 0xac
                    0x00ae                  IPC5 = 0xae
                    0x00ae                  _IPC5 = 0xae
                    0x00ae                  _IPC5bits = 0xae
                    0x00b0                  IPC6 = 0xb0
                    0x00b0                  _IPC6 = 0xb0
                    0x00b0                  _IPC6bits = 0xb0
                    0x00b2                  IPC7 = 0xb2
                    0x00b2                  _IPC7 = 0xb2
                    0x00b2                  _IPC7bits = 0xb2
                    0x00b4                  IPC8 = 0xb4
                    0x00b4                  _IPC8 = 0xb4
                    0x00b4                  _IPC8bits = 0xb4
                    0x00b6                  IPC9 = 0xb6
                    0x00b6                  _IPC9 = 0xb6
                    0x00b6                  _IPC9bits = 0xb6
                    0x00b8                  IPC10 = 0xb8
                    0x00b8                  _IPC10 = 0xb8
                    0x00b8                  _IPC10bits = 0xb8
                    0x00ba                  IPC11 = 0xba
                    0x00ba                  _IPC11 = 0xba
                    0x00ba                  _IPC11bits = 0xba
                    0x00bc                  IPC12 = 0xbc
                    0x00bc                  _IPC12 = 0xbc
                    0x00bc                  _IPC12bits = 0xbc
                    0x00c2                  IPC15 = 0xc2
                    0x00c2                  _IPC15 = 0xc2
                    0x00c2                  _IPC15bits = 0xc2
                    0x00c4                  IPC16 = 0xc4
                    0x00c4                  _IPC16 = 0xc4
                    0x00c4                  _IPC16bits = 0xc4
                    0x00c8                  IPC18 = 0xc8
                    0x00c8                  _IPC18 = 0xc8
                    0x00c8                  _IPC18bits = 0xc8
                    0x0100                  TMR1 = 0x100
                    0x0100                  _TMR1 = 0x100
                    0x0102                  PR1 = 0x102
                    0x0102                  _PR1 = 0x102
                    0x0104                  T1CON = 0x104
                    0x0104                  _T1CON = 0x104
                    0x0104                  _T1CONbits = 0x104
                    0x0106                  TMR2 = 0x106
                    0x0106                  _TMR2 = 0x106
                    0x0108                  TMR3HLD = 0x108
                    0x0108                  _TMR3HLD = 0x108
                    0x010a                  TMR3 = 0x10a
                    0x010a                  _TMR3 = 0x10a
                    0x010c                  PR2 = 0x10c
                    0x010c                  _PR2 = 0x10c
                    0x010e                  PR3 = 0x10e
                    0x010e                  _PR3 = 0x10e
                    0x0110                  T2CON = 0x110
                    0x0110                  _T2CON = 0x110
                    0x0110                  _T2CONbits = 0x110
                    0x0112                  T3CON = 0x112
                    0x0112                  _T3CON = 0x112
                    0x0112                  _T3CONbits = 0x112
                    0x0114                  TMR4 = 0x114
                    0x0114                  _TMR4 = 0x114
                    0x0116                  TMR5HLD = 0x116
                    0x0116                  _TMR5HLD = 0x116
                    0x0118                  TMR5 = 0x118
                    0x0118                  _TMR5 = 0x118
                    0x011a                  PR4 = 0x11a
                    0x011a                  _PR4 = 0x11a
                    0x011c                  PR5 = 0x11c
                    0x011c                  _PR5 = 0x11c
                    0x011e                  T4CON = 0x11e
                    0x011e                  _T4CON = 0x11e
                    0x011e                  _T4CONbits = 0x11e
                    0x0120                  T5CON = 0x120
                    0x0120                  _T5CON = 0x120
                    0x0120                  _T5CONbits = 0x120
                    0x0140                  IC1BUF = 0x140
                    0x0140                  _IC1BUF = 0x140
                    0x0142                  IC1CON = 0x142
                    0x0142                  _IC1CON = 0x142
                    0x0142                  _IC1CONbits = 0x142
                    0x0144                  IC2BUF = 0x144
                    0x0144                  _IC2BUF = 0x144
                    0x0146                  IC2CON = 0x146
                    0x0146                  _IC2CON = 0x146
                    0x0146                  _IC2CONbits = 0x146
                    0x0148                  IC3BUF = 0x148
                    0x0148                  _IC3BUF = 0x148
                    0x014a                  IC3CON = 0x14a
                    0x014a                  _IC3CON = 0x14a
                    0x014a                  _IC3CONbits = 0x14a
                    0x014c                  IC4BUF = 0x14c
                    0x014c                  _IC4BUF = 0x14c
                    0x014e                  IC4CON = 0x14e
                    0x014e                  _IC4CON = 0x14e
                    0x014e                  _IC4CONbits = 0x14e
                    0x0150                  IC5BUF = 0x150
                    0x0150                  _IC5BUF = 0x150
                    0x0152                  IC5CON = 0x152
                    0x0152                  _IC5CON = 0x152
                    0x0152                  _IC5CONbits = 0x152
                    0x0180                  OC1RS = 0x180
                    0x0180                  _OC1RS = 0x180
                    0x0182                  OC1R = 0x182
                    0x0182                  _OC1R = 0x182
                    0x0184                  OC1CON = 0x184
                    0x0184                  _OC1CON = 0x184
                    0x0184                  _OC1CONbits = 0x184
                    0x0186                  OC2RS = 0x186
                    0x0186                  _OC2RS = 0x186
                    0x0188                  OC2R = 0x188
                    0x0188                  _OC2R = 0x188
                    0x018a                  OC2CON = 0x18a
                    0x018a                  _OC2CON = 0x18a
                    0x018a                  _OC2CONbits = 0x18a
                    0x018c                  OC3RS = 0x18c
                    0x018c                  _OC3RS = 0x18c
                    0x018e                  OC3R = 0x18e
                    0x018e                  _OC3R = 0x18e
                    0x0190                  OC3CON = 0x190
                    0x0190                  _OC3CON = 0x190
                    0x0190                  _OC3CONbits = 0x190
                    0x0192                  OC4RS = 0x192
                    0x0192                  _OC4RS = 0x192
                    0x0194                  OC4R = 0x194
                    0x0194                  _OC4R = 0x194
                    0x0196                  OC4CON = 0x196
                    0x0196                  _OC4CON = 0x196
                    0x0196                  _OC4CONbits = 0x196
                    0x0198                  OC5RS = 0x198
                    0x0198                  _OC5RS = 0x198
                    0x019a                  OC5R = 0x19a
                    0x019a                  _OC5R = 0x19a
                    0x019c                  OC5CON = 0x19c
                    0x019c                  _OC5CON = 0x19c
                    0x019c                  _OC5CONbits = 0x19c
                    0x0200                  I2C1RCV = 0x200
                    0x0200                  _I2C1RCV = 0x200
                    0x0202                  I2C1TRN = 0x202
                    0x0202                  _I2C1TRN = 0x202
                    0x0204                  I2C1BRG = 0x204
                    0x0204                  _I2C1BRG = 0x204
                    0x0206                  I2C1CON = 0x206
                    0x0206                  _I2C1CON = 0x206
                    0x0206                  _I2C1CONbits = 0x206
                    0x0208                  I2C1STAT = 0x208
                    0x0208                  _I2C1STAT = 0x208
                    0x0208                  _I2C1STATbits = 0x208
                    0x020a                  I2C1ADD = 0x20a
                    0x020a                  _I2C1ADD = 0x20a
                    0x020c                  I2C1MSK = 0x20c
                    0x020c                  _I2C1MSK = 0x20c
                    0x0210                  I2C2RCV = 0x210
                    0x0210                  _I2C2RCV = 0x210
                    0x0212                  I2C2TRN = 0x212
                    0x0212                  _I2C2TRN = 0x212
                    0x0214                  I2C2BRG = 0x214
                    0x0214                  _I2C2BRG = 0x214
                    0x0216                  I2C2CON = 0x216
                    0x0216                  _I2C2CON = 0x216
                    0x0216                  _I2C2CONbits = 0x216
                    0x0218                  I2C2STAT = 0x218
                    0x0218                  _I2C2STAT = 0x218
                    0x0218                  _I2C2STATbits = 0x218
                    0x021a                  I2C2ADD = 0x21a
                    0x021a                  _I2C2ADD = 0x21a
                    0x021c                  I2C2MSK = 0x21c
                    0x021c                  _I2C2MSK = 0x21c
                    0x0220                  U1MODE = 0x220
                    0x0220                  _U1MODE = 0x220
                    0x0220                  _U1MODEbits = 0x220
                    0x0222                  U1STA = 0x222
                    0x0222                  _U1STA = 0x222
                    0x0222                  _U1STAbits = 0x222
                    0x0224                  U1TXREG = 0x224
                    0x0224                  _U1TXREG = 0x224
                    0x0226                  U1RXREG = 0x226
                    0x0226                  _U1RXREG = 0x226
                    0x0228                  U1BRG = 0x228
                    0x0228                  _U1BRG = 0x228
                    0x0230                  U2MODE = 0x230
                    0x0230                  _U2MODE = 0x230
                    0x0230                  _U2MODEbits = 0x230
                    0x0232                  U2STA = 0x232
                    0x0232                  _U2STA = 0x232
                    0x0232                  _U2STAbits = 0x232
                    0x0234                  U2TXREG = 0x234
                    0x0234                  _U2TXREG = 0x234
                    0x0236                  U2RXREG = 0x236
                    0x0236                  _U2RXREG = 0x236
                    0x0238                  U2BRG = 0x238
                    0x0238                  _U2BRG = 0x238
                    0x0240                  SPI1STAT = 0x240
                    0x0240                  _SPI1STAT = 0x240
                    0x0240                  _SPI1STATbits = 0x240
                    0x0242                  SPI1CON1 = 0x242
                    0x0242                  _SPI1CON1 = 0x242
                    0x0242                  _SPI1CON1bits = 0x242
                    0x0244                  SPI1CON2 = 0x244
                    0x0244                  _SPI1CON2 = 0x244
                    0x0244                  _SPI1CON2bits = 0x244
                    0x0248                  SPI1BUF = 0x248
                    0x0248                  _SPI1BUF = 0x248
                    0x0260                  SPI2STAT = 0x260
                    0x0260                  _SPI2STAT = 0x260
                    0x0260                  _SPI2STATbits = 0x260
                    0x0262                  SPI2CON1 = 0x262
                    0x0262                  _SPI2CON1 = 0x262
                    0x0262                  _SPI2CON1bits = 0x262
                    0x0264                  SPI2CON2 = 0x264
                    0x0264                  _SPI2CON2 = 0x264
                    0x0264                  _SPI2CON2bits = 0x264
                    0x0268                  SPI2BUF = 0x268
                    0x0268                  _SPI2BUF = 0x268
                    0x02c0                  TRISA = 0x2c0
                    0x02c0                  _TRISA = 0x2c0
                    0x02c0                  _TRISAbits = 0x2c0
                    0x02c2                  PORTA = 0x2c2
                    0x02c2                  _PORTA = 0x2c2
                    0x02c2                  _PORTAbits = 0x2c2
                    0x02c4                  LATA = 0x2c4
                    0x02c4                  _LATA = 0x2c4
                    0x02c4                  _LATAbits = 0x2c4
                    0x02c6                  ODCA = 0x2c6
                    0x02c6                  _ODCA = 0x2c6
                    0x02c6                  _ODCAbits = 0x2c6
                    0x02c8                  TRISB = 0x2c8
                    0x02c8                  _TRISB = 0x2c8
                    0x02c8                  _TRISBbits = 0x2c8
                    0x02ca                  PORTB = 0x2ca
                    0x02ca                  _PORTB = 0x2ca
                    0x02ca                  _PORTBbits = 0x2ca
                    0x02cc                  LATB = 0x2cc
                    0x02cc                  _LATB = 0x2cc
                    0x02cc                  _LATBbits = 0x2cc
                    0x02ce                  ODCB = 0x2ce
                    0x02ce                  _ODCB = 0x2ce
                    0x02ce                  _ODCBbits = 0x2ce
                    0x02fc                  PADCFG1 = 0x2fc
                    0x02fc                  _PADCFG1 = 0x2fc
                    0x02fc                  _PADCFG1bits = 0x2fc
                    0x0300                  ADC1BUF0 = 0x300
                    0x0300                  _ADC1BUF0 = 0x300
                    0x0302                  ADC1BUF1 = 0x302
                    0x0302                  _ADC1BUF1 = 0x302
                    0x0304                  ADC1BUF2 = 0x304
                    0x0304                  _ADC1BUF2 = 0x304
                    0x0306                  ADC1BUF3 = 0x306
                    0x0306                  _ADC1BUF3 = 0x306
                    0x0308                  ADC1BUF4 = 0x308
                    0x0308                  _ADC1BUF4 = 0x308
                    0x030a                  ADC1BUF5 = 0x30a
                    0x030a                  _ADC1BUF5 = 0x30a
                    0x030c                  ADC1BUF6 = 0x30c
                    0x030c                  _ADC1BUF6 = 0x30c
                    0x030e                  ADC1BUF7 = 0x30e
                    0x030e                  _ADC1BUF7 = 0x30e
                    0x0310                  ADC1BUF8 = 0x310
                    0x0310                  _ADC1BUF8 = 0x310
                    0x0312                  ADC1BUF9 = 0x312
                    0x0312                  _ADC1BUF9 = 0x312
                    0x0314                  ADC1BUFA = 0x314
                    0x0314                  _ADC1BUFA = 0x314
                    0x0316                  ADC1BUFB = 0x316
                    0x0316                  _ADC1BUFB = 0x316
                    0x0318                  ADC1BUFC = 0x318
                    0x0318                  _ADC1BUFC = 0x318
                    0x031a                  ADC1BUFD = 0x31a
                    0x031a                  _ADC1BUFD = 0x31a
                    0x031c                  ADC1BUFE = 0x31c
                    0x031c                  _ADC1BUFE = 0x31c
                    0x031e                  ADC1BUFF = 0x31e
                    0x031e                  _ADC1BUFF = 0x31e
                    0x0320                  AD1CON1 = 0x320
                    0x0320                  _AD1CON1 = 0x320
                    0x0320                  _AD1CON1bits = 0x320
                    0x0322                  AD1CON2 = 0x322
                    0x0322                  _AD1CON2 = 0x322
                    0x0322                  _AD1CON2bits = 0x322
                    0x0324                  AD1CON3 = 0x324
                    0x0324                  _AD1CON3 = 0x324
                    0x0324                  _AD1CON3bits = 0x324
                    0x0328                  AD1CHS = 0x328
                    0x0328                  _AD1CHS = 0x328
                    0x0328                  _AD1CHSbits = 0x328
                    0x032c                  AD1PCFG = 0x32c
                    0x032c                  _AD1PCFG = 0x32c
                    0x032c                  _AD1PCFGbits = 0x32c
                    0x0330                  AD1CSSL = 0x330
                    0x0330                  _AD1CSSL = 0x330
                    0x0330                  _AD1CSSLbits = 0x330
                    0x0600                  PMCON = 0x600
                    0x0600                  _PMCON = 0x600
                    0x0600                  _PMCONbits = 0x600
                    0x0602                  PMMODE = 0x602
                    0x0602                  _PMMODE = 0x602
                    0x0602                  _PMMODEbits = 0x602
                    0x0604                  PMADDR = 0x604
                    0x0604                  _PMADDR = 0x604
                    0x0604                  _PMADDRbits = 0x604
                    0x0604                  PMDOUT1 = 0x604
                    0x0604                  _PMDOUT1 = 0x604
                    0x0606                  PMDOUT2 = 0x606
                    0x0606                  _PMDOUT2 = 0x606
                    0x0608                  PMDIN1 = 0x608
                    0x0608                  _PMDIN1 = 0x608
                    0x060a                  PMDIN2 = 0x60a
                    0x060a                  _PMDIN2 = 0x60a
                    0x060c                  PMAEN = 0x60c
                    0x060c                  _PMAEN = 0x60c
                    0x060c                  _PMAENbits = 0x60c
                    0x060e                  PMSTAT = 0x60e
                    0x060e                  _PMSTAT = 0x60e
                    0x060e                  _PMSTATbits = 0x60e
                    0x0620                  ALRMVAL = 0x620
                    0x0620                  _ALRMVAL = 0x620
                    0x0622                  ALCFGRPT = 0x622
                    0x0622                  _ALCFGRPT = 0x622
                    0x0622                  _ALCFGRPTbits = 0x622
                    0x0624                  RTCVAL = 0x624
                    0x0624                  _RTCVAL = 0x624
                    0x0626                  RCFGCAL = 0x626
                    0x0626                  _RCFGCAL = 0x626
                    0x0626                  _RCFGCALbits = 0x626
                    0x0630                  CMCON = 0x630
                    0x0630                  _CMCON = 0x630
                    0x0630                  _CMCONbits = 0x630
                    0x0632                  CVRCON = 0x632
                    0x0632                  _CVRCON = 0x632
                    0x0632                  _CVRCONbits = 0x632
                    0x0640                  CRCCON = 0x640
                    0x0640                  _CRCCON = 0x640
                    0x0640                  _CRCCONbits = 0x640
                    0x0642                  CRCXOR = 0x642
                    0x0642                  _CRCXOR = 0x642
                    0x0644                  CRCDAT = 0x644
                    0x0644                  _CRCDAT = 0x644
                    0x0646                  CRCWDAT = 0x646
                    0x0646                  _CRCWDAT = 0x646
                    0x0680                  RPINR0 = 0x680
                    0x0680                  _RPINR0 = 0x680
                    0x0680                  _RPINR0bits = 0x680
                    0x0682                  RPINR1 = 0x682
                    0x0682                  _RPINR1 = 0x682
                    0x0682                  _RPINR1bits = 0x682
                    0x0686                  RPINR3 = 0x686
                    0x0686                  _RPINR3 = 0x686
                    0x0686                  _RPINR3bits = 0x686
                    0x0688                  RPINR4 = 0x688
                    0x0688                  _RPINR4 = 0x688
                    0x0688                  _RPINR4bits = 0x688
                    0x068e                  RPINR7 = 0x68e
                    0x068e                  _RPINR7 = 0x68e
                    0x068e                  _RPINR7bits = 0x68e
                    0x0690                  RPINR8 = 0x690
                    0x0690                  _RPINR8 = 0x690
                    0x0690                  _RPINR8bits = 0x690
                    0x0692                  RPINR9 = 0x692
                    0x0692                  _RPINR9 = 0x692
                    0x0692                  _RPINR9bits = 0x692
                    0x0696                  RPINR11 = 0x696
                    0x0696                  _RPINR11 = 0x696